Archive member included to satisfy reference by file (symbol)

../../saturnringlib/../modules/sgl/LIB/LIBCD.A(CDC_CMN.O)
                              src/main.o (CDC_CdInit)
../../saturnringlib/../modules/sgl/LIB/LIBCD.A(CDC_DRV.O)
                              src/main.o (CDC_CdPlay)
../../saturnringlib/../modules/sgl/LIB/LIBCD.A(CDC_REG.O)
                              ../../saturnringlib/../modules/sgl/LIB/LIBCD.A(CDC_CMN.O) (CDREG_ClrHirqReq)
../../saturnringlib/../modules/sgl/LIB/LIBCD.A(CDC_SUB.O)
                              ../../saturnringlib/../modules/sgl/LIB/LIBCD.A(CDC_CMN.O) (CDSUB_UpdStatus)
../../saturnringlib/../modules/sgl/LIB/LIBCD.A(GFS.O)
                              src/main.o (GFS_Init)
../../saturnringlib/../modules/sgl/LIB/LIBCD.A(GFS_BUF.O)
                              ../../saturnringlib/../modules/sgl/LIB/LIBCD.A(GFS.O) (GFBF_GetNumData)
../../saturnringlib/../modules/sgl/LIB/LIBCD.A(GFS_CDB.O)
                              ../../saturnringlib/../modules/sgl/LIB/LIBCD.A(GFS.O) (GFCB_Close)
../../saturnringlib/../modules/sgl/LIB/LIBCD.A(GFS_CDC.O)
                              ../../saturnringlib/../modules/sgl/LIB/LIBCD.A(GFS.O) (GFCD_SetCdbfs)
../../saturnringlib/../modules/sgl/LIB/LIBCD.A(GFS_CDF.O)
                              ../../saturnringlib/../modules/sgl/LIB/LIBCD.A(GFS.O) (GFCF_Init)
../../saturnringlib/../modules/sgl/LIB/LIBCD.A(GFS_DIR.O)
                              ../../saturnringlib/../modules/sgl/LIB/LIBCD.A(GFS.O) (GFDR_SetupDirTbl)
../../saturnringlib/../modules/sgl/LIB/LIBCD.A(GFS_TRN.O)
                              ../../saturnringlib/../modules/sgl/LIB/LIBCD.A(GFS.O) (GFTR_Setup)
../../saturnringlib/../modules/sgl/LIB/LIBCD.A(CDC_DEV.O)
                              ../../saturnringlib/../modules/sgl/LIB/LIBCD.A(GFS_CDC.O) (CDC_CdSetCon)
../../saturnringlib/../modules/sgl/LIB/LIBCD.A(CDC_SEL.O)
                              ../../saturnringlib/../modules/sgl/LIB/LIBCD.A(GFS_CDC.O) (CDC_SetFiltRange)
../../saturnringlib/../modules/sgl/LIB/LIBCD.A(CDC_BIF.O)
                              ../../saturnringlib/../modules/sgl/LIB/LIBCD.A(GFS_CDC.O) (CDC_GetBufSiz)
../../saturnringlib/../modules/sgl/LIB/LIBCD.A(CDC_BIO.O)
                              ../../saturnringlib/../modules/sgl/LIB/LIBCD.A(GFS_CDC.O) (CDC_SetSctLen)
../../saturnringlib/../modules/sgl/LIB/LIBCD.A(CDC_CFS.O)
                              ../../saturnringlib/../modules/sgl/LIB/LIBCD.A(GFS_CDC.O) (CDC_ChgDir)
../../saturnringlib/../modules/sgl/LIB/LIBSGL.A(sglB001.o)
                              src/main.o (slTVOn)
../../saturnringlib/../modules/sgl/LIB/LIBSGL.A(sglB002.o)
                              src/main.o (slColRAMMode)
../../saturnringlib/../modules/sgl/LIB/LIBSGL.A(sglB015.o)
                              src/main.o (slScrAutoDisp)
../../saturnringlib/../modules/sgl/LIB/LIBSGL.A(sglB016.o)
                              src/main.o (slBack1ColSet)
../../saturnringlib/../modules/sgl/LIB/LIBSGL.A(sglB034.o)
                              src/main.o (slMapNbg3)
../../saturnringlib/../modules/sgl/LIB/LIBSGL.A(sglB038.o)
                              src/main.o (slRparaInitSet)
../../saturnringlib/../modules/sgl/LIB/LIBSGL.A(sglB058.o)
                              src/main.o (slPlaneNbg3)
../../saturnringlib/../modules/sgl/LIB/LIBSGL.A(sglB063.o)
                              src/main.o (slPriority)
../../saturnringlib/../modules/sgl/LIB/LIBSGL.A(sglB200.o)
                              src/main.o (slCharNbg3)
../../saturnringlib/../modules/sgl/LIB/LIBSGL.A(sglC04.o)
                              src/main.o (slZdspLevel)
../../saturnringlib/../modules/sgl/LIB/LIBSGL.A(sglC05.o)
                              src/main.o (slSetSprite)
../../saturnringlib/../modules/sgl/LIB/LIBSGL.A(sglC19.o)
                              src/main.o (slDispSprite4P)
../../saturnringlib/../modules/sgl/LIB/LIBSGL.A(sglC20.o)
                              ../../saturnringlib/../modules/sgl/LIB/LIBSGL.A(sglC05.o) (SpriteEntry)
../../saturnringlib/../modules/sgl/LIB/LIBSGL.A(sglC21.o)
                              ../../saturnringlib/../modules/sgl/LIB/LIBSGL.A(sglC19.o) (SetSprPosition)
../../saturnringlib/../modules/sgl/LIB/LIBSGL.A(sglD00.o)
                              src/main.o (slDMACopy)
../../saturnringlib/../modules/sgl/LIB/LIBSGL.A(sglD01.o)
                              ../../saturnringlib/../modules/sgl/LIB/LIBCD.A(GFS_TRN.O) (slDMAXCopy)
../../saturnringlib/../modules/sgl/LIB/LIBSGL.A(sglD02.o)
                              src/main.o (slDMAWait)
../../saturnringlib/../modules/sgl/LIB/LIBSGL.A(sglD03.o)
                              ../../saturnringlib/../modules/sgl/LIB/LIBCD.A(GFS_TRN.O) (slDMAStatus)
../../saturnringlib/../modules/sgl/LIB/LIBSGL.A(sglD15.o)
                              ../../saturnringlib/../modules/sgl/LIB/LIBCD.A(GFS_TRN.O) (CSH_Purge)
../../saturnringlib/../modules/sgl/LIB/LIBSGL.A(sglD16.o)
[...]
Memory Configuration

Name             Origin             Length             Attributes
*default*        0x00000000         0xffffffff

Linker script and memory map


SLSTART         0x06004000       0x30
                0x06004000                        ___Start = .
 *(SLSTART)
 SLSTART        0x06004000       0x28 ../../saturnringlib/../modules/sgl/LIB/LIBSGL.A(sglI00.o)
                0x06004000                SGL_Start
                0x06004002                slStartSGL

.text           0x06004040     0xdc00
 *(.text*)
 .text          0x06004040        0x0 ../../saturnringlib/../modules/sgl/LIB/../SRC/workarea.o
 .text          0x06004040     0x1064 src/main.o
                0x060040a4                __cxa_pure_virtual
                0x06004f60                boot(SRL::Bitmap::TGA::LoaderSettings&)
 .text._ZN3SRL6Bitmap3TGA7GetDataEv
                0x060050a4        0x4 src/main.o
                0x060050a4                SRL::Bitmap::TGA::GetData()
 .text._ZN3SRL6Bitmap3TGA7GetInfoEv
                0x060050a8       0x4c src/main.o
                0x060050a8                SRL::Bitmap::TGA::GetInfo()
 .text._ZNK3SRL4Math5Types3FxpplERKS2_.isra.0
                0x060050f4        0x8 src/main.o
 .text._ZNK3SRL4Math5Types3FxpngEv.isra.0
                0x060050fc        0x8 src/main.o
 .text._ZN3SRL4Core14VblankHandlingEv
                0x06005104      0x158 src/main.o
                0x06005104                SRL::Core::VblankHandling()
 .text._ZN3SRL4Math5Types3FxpC2Ev
                0x0600525c        0x8 src/main.o
                0x0600525c                SRL::Math::Types::Fxp::Fxp()
                0x0600525c                SRL::Math::Types::Fxp::Fxp()
 .text._ZN3SRL4Math5Types3FxpC2ERKS2_
                0x06005264        0x8 src/main.o
                0x06005264                SRL::Math::Types::Fxp::Fxp(SRL::Math::Types::Fxp const&)
                0x06005264                SRL::Math::Types::Fxp::Fxp(SRL::Math::Types::Fxp const&)
 .text._ZNK3SRL4Math5Types3Fxp8RawValueEv
                0x0600526c        0x4 src/main.o
                0x0600526c                SRL::Math::Types::Fxp::RawValue() const
 .text._ZN3SRL4Math5Types3FxpC2IiEERKT_
                0x06005270       0x38 src/main.o
                0x06005270                SRL::Math::Types::Fxp::Fxp<int>(int const&)
                0x06005270                SRL::Math::Types::Fxp::Fxp<int>(int const&)
 .text._ZN3SRL6Memory4FreeEPv
                0x060052a8      0x114 src/main.o
                0x060052a8                SRL::Memory::Free(void*)
 .text._ZN3SRL6Memory15PlacementMallocEjm
                0x060053bc      0x19c src/main.o
                0x060053bc                SRL::Memory::PlacementMalloc(unsigned int, unsigned long)
 .text._ZN3SRL4VDP210InitializeERKNS_5Types9HighColorE
                0x06005558      0x1ac src/main.o
                0x06005558                SRL::VDP2::Initialize(SRL::Types::HighColor const&)
 .text._ZN3SRL5Input3Gun11SynchronizeEv
                0x06005704      0x1d0 src/main.o
                0x06005704                SRL::Input::Gun::Synchronize()
 .text._ZN3SRL5Sound8Hardware10InitializeEv
                0x060058d4      0x4e8 src/main.o
                0x060058d4                SRL::Sound::Hardware::Initialize()
 .text._ZN3SRL6Bitmap3TGA13DecodePaletteEPhPKNS1_9TgaHeaderEl
                0x06005dbc      0x4b8 src/main.o
                0x06005dbc                SRL::Bitmap::TGA::DecodePalette(unsigned char*, SRL::Bitmap::TGA::TgaHeader const*, long)
 .text._ZN3SRL6Bitmap3TGA17DecodeRlePalettedEPhPKNS1_9TgaHeaderERNS1_8ForRangeES7_
                0x06006274      0x330 src/main.o
                0x06006274                SRL::Bitmap::TGA::DecodeRlePaletted(unsigned char*, SRL::Bitmap::TGA::TgaHeader const*, SRL::Bitmap::TGA::ForRange&, SRL::Bitmap::TGA::ForRange&)
 .text._ZN3SRL6Bitmap3TGA8LoadDataEPNS_2Cd4FileEPNS1_14LoaderSettingsE
                0x060065a4      0xf78 src/main.o
                0x060065a4                SRL::Bitmap::TGA::LoadData(SRL::Cd::File*, SRL::Bitmap::TGA::LoaderSettings*)
 .text._ZN3SRL4Math5Types3FxpC2ItEERKT_
                0x0600751c       0x3c src/main.o
                0x0600751c                SRL::Math::Types::Fxp::Fxp<unsigned short>(unsigned short const&)
                0x0600751c                SRL::Math::Types::Fxp::Fxp<unsigned short>(unsigned short const&)
 .text._ZN9RedVelvet9RVObjects18CreateSpriteObjectENS_6objectEN3SRL6Bitmap10BitmapInfoE
                0x06007558      0x1e8 src/main.o
                0x06007558                RedVelvet::RVObjects::CreateSpriteObject(RedVelvet::object, SRL::Bitmap::BitmapInfo)
 .text._ZN9RedVelvet9RVObjects22GetTransformedPositionERNS_6objectEi
                0x06007740      0x1bc src/main.o
                0x06007740                RedVelvet::RVObjects::GetTransformedPosition(RedVelvet::object&, int)
 .text.startup  0x060078fc      0x870 src/main.o
                0x060078fc                main
 .text._ZN3SRL5Types5EventIJEEC2Ev
                0x0600816c      0x17c src/main.o
                0x0600816c                SRL::Types::Event<>::Event()
                0x0600816c                SRL::Types::Event<>::Event()
 .text._ZN3SRL5Types5EventIJEED2Ev
                0x060082e8       0x2c src/main.o
                0x060082e8                SRL::Types::Event<>::~Event()
                0x060082e8                SRL::Types::Event<>::~Event()
 .text.exit     0x06008314       0x90 src/main.o
 *fill*         0x060083a4        0xc 
 .text          0x060083b0      0x3a0 ../../saturnringlib/../modules/sgl/LIB/LIBCD.A(CDC_CMN.O)
                0x060083b0                CDC_GetCurStat
                0x06008400                CDC_GetLastStat
                0x06008418                CDC_GetPeriStat
                0x060084ec                CDC_GetHwInfo
                0x06008554                CDC_TgetToc
                0x060085a4                CDC_GetSes
                0x060085e0                CDC_CdInit
                0x06008664                CDC_CdOpen
                0x0600868c                CDC_DataReady
                0x060086f8                CDC_DataEnd
 .text          0x06008750      0x130 ../../saturnringlib/../modules/sgl/LIB/LIBCD.A(CDC_DRV.O)
                0x06008750                CDC_CdPlay
                0x0600881c                CDC_CdSeek
                0x06008850                CDC_CdScan
 .text          0x06008880      0x2dc ../../saturnringlib/../modules/sgl/LIB/LIBCD.A(CDC_REG.O)
                0x06008880                CDC_GetDataPtr
                0x06008890                CDC_GetHirqReq
                0x060088a4                CDC_ClrHirqReq
                0x060088d4                CDREG_ClrHirqReq
                0x060088e4                CDREG_InitHirqReq
                0x0600890c                CDREG_SetHirqFlag
                0x06008920                CDC_GetHirqMsk
                0x06008934                CDC_SetHirqMsk
                0x06008944                CDC_GetMpegPtr
                0x06008954                CDREG_TgetData
                0x060089b0                CDREG_CmdRsp
                0x06008ab0                CDREG_WaitHirq
                0x06008b20                CDREG_ReadRsp
 *fill*         0x06008b5c        0x4 
 .text          0x06008b60      0x152 ../../saturnringlib/../modules/sgl/LIB/LIBCD.A(CDC_SUB.O)
                0x06008b60                CDSUB_UpdStatus
                0x06008b78                CDSUB_UpdCdstat
                0x06008b98                CDSUB_CdCmd
                0x06008c08                CDSUB_GetCdstat
                0x06008c48                CDSUB_RspToCdstat
                0x06008c90                CDSUB_SoftTimer
 *fill*         0x06008cb2        0xe 
 .text          0x06008cc0     0x1adc ../../saturnringlib/../modules/sgl/LIB/LIBCD.A(GFS.O)
                0x06008cc0                gfs_version
                0x06008ce0                GFS_Init
                0x06008dc8                GFS_LoadDir
                0x06008e70                GFS_SetDir
                0x06008ed8                GFS_NameToId
                0x06008f3c                GFS_IdToName
                0x06008fa8                GFS_GetDirInfo
                0x06009018                GFS_Reset
                0x0600909c                GFS_Open
                0x06009150                GFS_Close
                0x06009188                GFS_Seek
                0x0600923c                GFS_Tell
                0x0600928c                GFS_IsEof
                0x060092e0                GFS_ByteToSct
                0x0600933c                GFS_GetFileSize
                0x06009398                GFS_GetFileInfo
                0x0600940c                GFS_GetNumCdbuf
                0x06009434                GFS_Load
                0x060094f8                GFS_Fread
                0x06009594                gfs_waitRead
                0x0600963c                GFS_NwFread
                0x06009748                GFS_NwCdRead
                0x060097c0                GFS_NwIsComplete
                0x060097f8                GFS_NwStop
                0x06009864                GFS_NwGetStat
                0x060098e0                gfs_recovRdErr
                0x06009910                GFS_NwExecOne
                0x060099d0                GFS_NwExecServer
                0x06009a4c                GFS_SetGmode
                0x06009ab0                GFS_SetTmode
                0x06009b1c                GFS_SetReadPara
                0x06009b80                GFS_SetTransPara
                0x06009bec                GFS_SetTrFunc
                0x06009c50                GFS_StartTrans
                0x06009c9c                GFS_CdMovePickup
                0x06009d08                GFS_SetErrFunc
                0x06009d34                GFS_GetErrStat
                0x06009d58                GFS_ConvTno
                0x06009d80                gfs_chgRoot
                0x06009e4c                gfs_aborttrans
                0x06009e58                gfs_mngSetupFuncTbl
                0x06009e8c                gfs_mngInitWork
                0x06009f30                gfs_mngGetNumFile
                0x06009f98                GFS_mngAllocGrp
                0x06009fe0                gfs_mngFreeGrp
                0x06009fec                gfs_mngTermAccess
                0x0600a070                gfs_mngSetErrCode
                0x0600a0f0                gfs_svrSearchHndl
                0x0600a130                gfs_svrAddHndl
                0x0600a16c                gfs_svrRemoveHndl
                0x0600a1c8                GFS_OpenSub
                0x0600a220                gfs_loadVol
                0x0600a2e4                gfs_getRootDir
                0x0600a3e0                gfs_loadRootDir
                0x0600a468                gfs_flowIn
                0x0600a510                gfs_transData
                0x0600a5b4                GFS_GetFad
                0x0600a60c                gfs_SetSct
                0x0600a64c                gfs_GetFinfo
                0x0600a68c                gfs_closeSub
                0x0600a6c8                gfs_getGmode
                0x0600a6d4                gfs_isTaskDone
                0x0600a728                gfs_convFinStat
 *fill*         0x0600a79c        0x4 
 .text          0x0600a7a0      0x106 ../../saturnringlib/../modules/sgl/LIB/LIBCD.A(GFS_BUF.O)
                0x0600a7d0                GFBF_GetTranData
                0x0600a7f8                GFBF_GetNumData
                0x0600a828                GFBF_GetSrcPk
                0x0600a850                GFBF_GetSctData
                0x0600a874                GFBF_RtnPk
                0x0600a89c                gfbf_getSctDt
 *fill*         0x0600a8a6        0xa 
 .text          0x0600a8b0      0x600 ../../saturnringlib/../modules/sgl/LIB/LIBCD.A(GFS_CDB.O)
                0x0600a8b0                GFCB_Setup
                0x0600a9d0                GFCB_Close
                0x0600a9f8                GFCB_GetLenData
                0x0600aaa4                GFCB_GetLenRoom
                0x0600aab0                GFCB_SetFilt
                0x0600ab18                GFCB_DeleteAllData
                0x0600ab40                GFCB_Tell
                0x0600ab50                gfcb_getSctNum
                0x0600aba0                GFCB_Seek
                0x0600ac9c                GFCB_GetSrcPack
                0x0600ad7c                GFCB_GetSctData
                0x0600adb4                GFCB_GetDstPack
                0x0600adc0                GFCB_RtnPk
                0x0600ae08                GFCB_MovePickup
                0x0600ae24                GFCB_SetCon
                0x0600ae58                GFCB_GetPickup
                0x0600ae80                GFCB_IsPuOwner
                0x0600ae98                GFCB_UngetPickup
 .text          0x0600aeb0     0x1a10 ../../saturnringlib/../modules/sgl/LIB/LIBCD.A(GFS_CDC.O)
                0x0600aeb0                GFCD_SetCdbfs
                0x0600aedc                GFCD_Init
                0x0600b0e0                GFCD_AllocFilt
                0x0600b11c                GFCD_FreeFilt
                0x0600b14c                GFCD_AllocBuf
                0x0600b180                GFCD_FreeBuf
                0x0600b224                GFCD_GetBaseFad
                0x0600b258                GFCD_GetPickup
                0x0600b28c                GFCD_UngetPickup
                0x0600b2b8                GFCD_IsPuOwner
                0x0600b2dc                GFCD_SetFilt
                0x0600b3a0                GFCD_GetFilt
                0x0600b3e8                GFCD_SetCon
                0x0600b440                GFCD_Play
                0x0600b4a0                GFCD_GetLenData
                0x0600b508                GFCD_ReqData
                0x0600b564                GFCD_EndData
                0x0600b5ac                GFCD_DelSctData
                0x0600b604                GFCD_CheckDelSctData
                0x0600b634                GFCD_GetStat
                0x0600b6e8                GFCD_MovePickup
                0x0600b734                GFCD_MoveSctData
                0x0600b7a8                GFCD_CheckMove
                0x0600b7cc                GFCD_GetSctInfo
                0x0600b814                GFCD_ChgDir
                0x0600b888                GFCD_SetFiltCon
                0x0600b970                GFCD_GetFileInfo
                0x0600ba4c                GFCD_GetBufSiz
                0x0600ba84                GFCD_ExecServer
                0x0600bb58                gfcd_isIdleTask
                0x0600bbe4                gfcd_doTask
                0x0600bc90                GFCD_SetTimer
                0x0600bca4                GFCD_WaitServer
                0x0600bce0                gfcd_doSetFiltTsk
                0x0600bea4                gfcd_doSetConTsk
                0x0600bf34                gfcd_doGetLenDataTsk
                0x0600c088                gfcd_doReqDataTsk
                0x0600c128                gfcd_doDelSctDataTsk
                0x0600c25c                gfcd_doMoveSctTsk
                0x0600c3c0                gfcd_doChgDirTsk
                0x0600c5bc                gfcd_doSetFiltConTsk
                0x0600c700                gfcd_checkEflag
                0x0600c724                gfcd_initCdbMng
                0x0600c7a4                gfcd_setStat
                0x0600c7d0                GFCD_SetCsctFunc
                0x0600c7ec                GFCD_ChkScdqFlag
                0x0600c810                GFCD_ClrScdqFlag
                0x0600c82c                GFCD_WaitScdqFlag
                0x0600c870                GFCD_WaitPause
 .text          0x0600c8c0      0x8d8 ../../saturnringlib/../modules/sgl/LIB/LIBCD.A(GFS_CDF.O)
                0x0600c8c0                GFCF_Init
                0x0600c960                GFCF_Setup
                0x0600caa8                GFCF_SetSct
                0x0600caec                GFCF_GetFileInfo
                0x0600cb60                GFCF_FlowInBuf
                0x0600ccb4                GFCF_StopInBuf
                0x0600cd54                GFCF_Recover
                0x0600cd9c                GFCF_Tell
                0x0600cdb4                GFCF_Seek
                0x0600cdcc                GFCF_MovePickup
                0x0600ce68                GFCF_cnvIntlvOfs
                0x0600cebc                GFCF_GetStat
                0x0600cf54                gfcf_getSctSize
                0x0600cf90                gfcf_isCdOk
                0x0600d050                gfcf_getPlayRange
 *fill*         0x0600d198        0x8 
 .text          0x0600d1a0      0x92c ../../saturnringlib/../modules/sgl/LIB/LIBCD.A(GFS_DIR.O)
                0x0600d1a0                GFDR_SetupDirTbl
                0x0600d214                GFDR_NameToId
                0x0600d274                GFDR_GetInfoDirId
                0x0600d288                GFDR_GetInfoDirName
                0x0600d29c                GFDR_GetAtrDirId
                0x0600d2b4                GFDR_GetAtrDirName
                0x0600d2cc                GFDR_ChgRoot
                0x0600d2e4                GFDR_ChgDir
                0x0600d358                gfdr_setupDirIdTbl
                0x0600d3dc                gfdr_setupDirNameTbl
                0x0600d488                gfdr_open
                0x0600d4b0                gfdr_read
                0x0600d570                gfdr_readByte
                0x0600d59c                gfdr_readWord
                0x0600d5c8                gfdr_readWordNB
                0x0600d61c                gfdr_readLongNB
                0x0600d668                gfdr_readLongNM
                0x0600d690                gfdr_setNextRec
                0x0600d714                gfdr_readDirEnt
                0x0600da90                gfdr_setDirrecCd
 *fill*         0x0600dacc        0x4 
 .text          0x0600dad0      0x9c6 ../../saturnringlib/../modules/sgl/LIB/LIBCD.A(GFS_TRN.O)
                0x0600db00                GFTR_Setup
                0x0600db44                GFTR_SetMode
                0x0600db58                GFTR_SetUnit
                0x0600db64                GFTR_SetTransPara
                0x0600db98                GFTR_GetTransPara
                0x0600dba4                GFTR_GetNumTrans
                0x0600dbb0                GFTR_SetTransMax
                0x0600dbbc                GFTR_Start
                0x0600dbc8                GFTR_Pause
                0x0600dbd4                GFTR_Stop
                0x0600dc8c                GFTR_Exec
                0x0600dd10                GFTR_Idle
                0x0600dd88                GFTR_ExecSvr
                0x0600de90                gftr_getSrcPack
                0x0600df18                gftr_getDstPack
                0x0600df74                gftr_reqScu
                0x0600df80                gftr_execScu
                0x0600e01c                gftr_remScu
                0x0600e050                gfdma_canUse
                0x0600e05c                gfdma_exec
                0x0600e0cc                gfdma_getBytecnt
                0x0600e104                gftr_reqDma0
                0x0600e11c                gftr_execSdma0
                0x0600e140                gftr_remDma0
                0x0600e158                gftr_reqDma1
                0x0600e170                gftr_execSdma1
                0x0600e194                gftr_remDma1
                0x0600e1ac                gftr_reqCpu
                0x0600e1b8                gftr_execCpu
                0x0600e1f8                gftr_remCpu
                0x0600e204                gftr_reqTrn
                0x0600e274                gftr_execTrn
                0x0600e34c                gftr_remTrn
                0x0600e3c0                gftr_copyFrac
                0x0600e3e8                GFTR_GetLenData
                0x0600e3f4                GFTR_GetLenRoom
                0x0600e40c                GFTR_GetDstPack
                0x0600e440                GFTR_RtnDstPk
                0x0600e45c                GFTR_GetData
                0x0600e470                GFTR_SetData
                0x0600e484                GFTR_SetTransFunc
 *fill*         0x0600e496        0xa 
 .text          0x0600e4a0       0xa8 ../../saturnringlib/../modules/sgl/LIB/LIBCD.A(CDC_DEV.O)
                0x0600e4a0                CDC_CdSetCon
                0x0600e4d0                CDC_CdGetCon
                0x0600e50c                CDC_CdGetLastBuf
 *fill*         0x0600e548        0x8 
 .text          0x0600e550      0x2b8 ../../saturnringlib/../modules/sgl/LIB/LIBCD.A(CDC_SEL.O)
                0x0600e550                CDC_SetFiltRange
                0x0600e584                CDC_GetFiltRange
                0x0600e5dc                CDC_SetFiltSubh
                0x0600e64c                CDC_GetFiltSubh
                0x0600e6c8                CDC_SetFiltMode
                0x0600e6fc                CDC_GetFiltMode
                0x0600e740                CDC_SetFiltCon
                0x0600e780                CDC_GetFiltCon
                0x0600e7d4                CDC_ResetSelector
 *fill*         0x0600e808        0x8 
 .text          0x0600e810      0x270 ../../saturnringlib/../modules/sgl/LIB/LIBCD.A(CDC_BIF.O)
                0x0600e810                CDC_GetBufSiz
                0x0600e86c                CDC_GetSctNum
                0x0600e8b0                CDC_CalActSiz
                0x0600e8ec                CDC_GetActSiz
                0x0600e96c                CDC_GetSctInfo
                0x0600e9ec                CDC_ExeFadSearch
                0x0600ea24                CDC_GetFadSearch
 .text          0x0600ea80      0x1e4 ../../saturnringlib/../modules/sgl/LIB/LIBCD.A(CDC_BIO.O)
                0x0600ea80                CDC_SetSctLen
                0x0600eab4                CDC_GetSctData
                0x0600eaf0                CDC_DelSctData
                0x0600eb2c                CDC_GetdelSctData
                0x0600eb68                CDC_PutSctData
                0x0600eba0                CDC_CopySctData
                0x0600ebe4                CDC_MoveSctData
                0x0600ec28                CDC_GetCopyErr
 *fill*         0x0600ec64        0xc 
 .text          0x0600ec70      0x194 ../../saturnringlib/../modules/sgl/LIB/LIBCD.A(CDC_CFS.O)
                0x0600ec70                CDC_ChgDir
                0x0600eca4                CDC_ReadDir
                0x0600ecd8                CDC_GetFileScope
                0x0600ed38                CDC_TgetFileInfo
                0x0600ed94                CDC_ReadFile
                0x0600edc8                CDC_AbortFile
 *fill*         0x0600ee04        0xc 
 .text          0x0600ee10        0x0 ../../saturnringlib/../modules/sgl/LIB/LIBSGL.A(sglB001.o)
 .text          0x0600ee10        0x0 ../../saturnringlib/../modules/sgl/LIB/LIBSGL.A(sglB002.o)
 .text          0x0600ee10        0x0 ../../saturnringlib/../modules/sgl/LIB/LIBSGL.A(sglB015.o)
 .text          0x0600ee10        0x0 ../../saturnringlib/../modules/sgl/LIB/LIBSGL.A(sglB016.o)
 .text          0x0600ee10        0x0 ../../saturnringlib/../modules/sgl/LIB/LIBSGL.A(sglB034.o)
 .text          0x0600ee10        0x0 ../../saturnringlib/../modules/sgl/LIB/LIBSGL.A(sglB038.o)
 .text          0x0600ee10        0x0 ../../saturnringlib/../modules/sgl/LIB/LIBSGL.A(sglB058.o)
 .text          0x0600ee10        0x0 ../../saturnringlib/../modules/sgl/LIB/LIBSGL.A(sglB063.o)
 .text          0x0600ee10        0x0 ../../saturnringlib/../modules/sgl/LIB/LIBSGL.A(sglB200.o)
 .text          0x0600ee10        0x0 ../../saturnringlib/../modules/sgl/LIB/LIBSGL.A(sglC04.o)
 .text          0x0600ee10        0x0 ../../saturnringlib/../modules/sgl/LIB/LIBSGL.A(sglC05.o)
 .text          0x0600ee10        0x0 ../../saturnringlib/../modules/sgl/LIB/LIBSGL.A(sglC19.o)
 .text          0x0600ee10        0x0 ../../saturnringlib/../modules/sgl/LIB/LIBSGL.A(sglC20.o)
 .text          0x0600ee10        0x0 ../../saturnringlib/../modules/sgl/LIB/LIBSGL.A(sglC21.o)
 .text          0x0600ee10        0x0 ../../saturnringlib/../modules/sgl/LIB/LIBSGL.A(sglD00.o)
 .text          0x0600ee10        0x0 ../../saturnringlib/../modules/sgl/LIB/LIBSGL.A(sglD01.o)
 .text          0x0600ee10        0x0 ../../saturnringlib/../modules/sgl/LIB/LIBSGL.A(sglD02.o)
 .text          0x0600ee10        0x0 ../../saturnringlib/../modules/sgl/LIB/LIBSGL.A(sglD03.o)
 .text          0x0600ee10        0x0 ../../saturnringlib/../modules/sgl/LIB/LIBSGL.A(sglD15.o)
 .text          0x0600ee10        0x0 ../../saturnringlib/../modules/sgl/LIB/LIBSGL.A(sglD16.o)
 .text          0x0600ee10        0x0 ../../saturnringlib/../modules/sgl/LIB/LIBSGL.A(sglD17.o)
 .text          0x0600ee10        0x0 ../../saturnringlib/../modules/sgl/LIB/LIBSGL.A(sglD18.o)
 .text          0x0600ee10        0x0 ../../saturnringlib/../modules/sgl/LIB/LIBSGL.A(sglG00.o)
 .text          0x0600ee10        0x0 ../../saturnringlib/../modules/sgl/LIB/LIBSGL.A(sglH00.o)
 .text          0x0600ee10        0x0 ../../saturnringlib/../modules/sgl/LIB/LIBSGL.A(sglH02.o)
 .text          0x0600ee10        0x0 ../../saturnringlib/../modules/sgl/LIB/LIBSGL.A(sglH04.o)
 .text          0x0600ee10        0x0 ../../saturnringlib/../modules/sgl/LIB/LIBSGL.A(sglI01.o)
 .text          0x0600ee10        0x0 ../../saturnringlib/../modules/sgl/LIB/LIBSGL.A(sglI04.o)
 .text          0x0600ee10      0x128 ../../saturnringlib/../modules/sgl/LIB/LIBSGL.A(sglIc0.o)
                0x0600ee10                slInitSystem
 *fill*         0x0600ef38        0x8 
 .text          0x0600ef40        0x0 ../../saturnringlib/../modules/sgl/LIB/LIBSGL.A(sglJ00.o)
 .text          0x0600ef40        0x0 ../../saturnringlib/../modules/sgl/LIB/LIBSGL.A(sglJ01.o)
 .text          0x0600ef40        0x0 ../../saturnringlib/../modules/sgl/LIB/LIBSGL.A(sglJ02.o)
 .text          0x0600ef40        0x0 ../../saturnringlib/../modules/sgl/LIB/LIBSGL.A(sglJ03.o)
 .text          0x0600ef40        0x0 ../../saturnringlib/../modules/sgl/LIB/LIBSGL.A(sglJ04.o)
 .text          0x0600ef40        0x0 ../../saturnringlib/../modules/sgl/LIB/LIBSGL.A(sglJ05.o)
 .text          0x0600ef40        0x0 ../../saturnringlib/../modules/sgl/LIB/LIBSGL.A(sglK01.o)
 .text          0x0600ef40        0x0 ../../saturnringlib/../modules/sgl/LIB/LIBSGL.A(sglM01.o)
 .text          0x0600ef40        0x0 ../../saturnringlib/../modules/sgl/LIB/LIBSGL.A(sglA00.o)
 .text          0x0600ef40        0x0 ../../saturnringlib/../modules/sgl/LIB/LIBSGL.A(sglA01.o)
 .text          0x0600ef40        0x0 ../../saturnringlib/../modules/sgl/LIB/LIBSGL.A(sglA20.o)
 .text          0x0600ef40        0x0 ../../saturnringlib/../modules/sgl/LIB/LIBSGL.A(sglB000.o)
 .text          0x0600ef40        0x0 ../../saturnringlib/../modules/sgl/LIB/LIBSGL.A(sglB035.o)
 .text          0x0600ef40        0x0 ../../saturnringlib/../modules/sgl/LIB/LIBSGL.A(sglC00.o)
 .text          0x0600ef40        0x0 ../../saturnringlib/../modules/sgl/LIB/LIBSGL.A(sglI00.o)
 .text          0x0600ef40        0x0 ../../saturnringlib/../modules/sgl/LIB/LIBSGL.A(sglH03.o)
 .text          0x0600ef40     0x10b4 ../../saturnringlib/../modules/sgl/LIB/LIBSND.A(snd_main.o)
                0x0600ef40                SND_Init
                0x0600f0b8                SND_MoveData
                0x0600f104                SND_ChgMap
                0x0600f1dc                SND_SetTlVl
                0x0600f23c                SND_ChgEfct
                0x0600f29c                SND_ChgMix
                0x0600f308                SND_ChgMixPrm
                0x0600f390                SND_ChkHard
                0x0600f42c                SND_StopDsp
                0x0600f480                SND_OffAllSound
                0x0600f4d4                SND_StartSeq
                0x0600f558                SND_StopSeq
                0x0600f5b8                SND_PauseSeq
                0x0600f618                SND_ContSeq
                0x0600f678                SND_SetSeqVl
                0x0600f6f0                SND_ChgTempo
                0x0600f76c                SND_CtrlDirMidi
                0x0600f824                SND_SetSeqPan
                0x0600f898                SND_StartPcm
                0x0600f9a8                SND_StopPcm
                0x0600fa08                SND_ChgPcm
                0x0600fad8                SND_StartVlAnl
                0x0600fb2c                SND_StopVlAnl
                0x0600fb80                SND_SetCdDaLev
                0x0600fbfc                SND_SetCdDaPan
                0x0600fc78                SND_GetSeqStat
                0x0600fca0                SND_GetSeqPlayPos
                0x0600fcbc                SND_GetPcmPlayAdr
                0x0600fce4                SND_GetAnlTlVl
                0x0600fd00                SND_GetAnlHzVl
                0x0600febc                SND_SetQSound
                0x0600ff28                SND_Set3D_Stat
                0x0600ffa0                SND_Set3D_Init
 .text          0x0600fff4       0x52 F:/Saturn Dev/SaturnRingLib/Compiler/sh2eb-elf/bin/../lib/gcc/sh-elf/14.2.0\libgcc.a(_ashiftrt.o)
                0x0600fff4                __ashiftrt_r4_31
                0x0600fff4                __ashiftrt_r4_32
                0x0600fffa                __ashiftrt_r4_30
                0x0600fffc                __ashiftrt_r4_29
                0x0600fffe                __ashiftrt_r4_28
                0x06010000                __ashiftrt_r4_27
                0x06010002                __ashiftrt_r4_26
                0x06010004                __ashiftrt_r4_25
                0x06010006                __ashiftrt_r4_24
                0x0601000e                __ashiftrt_r4_23
                0x06010010                __ashiftrt_r4_22
                0x06010012                __ashiftrt_r4_21
                0x06010014                __ashiftrt_r4_20
                0x06010016                __ashiftrt_r4_19
                0x06010018                __ashiftrt_r4_18
                0x0601001a                __ashiftrt_r4_17
                0x0601001c                __ashiftrt_r4_16
                0x06010022                __ashiftrt_r4_15
                0x06010024                __ashiftrt_r4_14
                0x06010026                __ashiftrt_r4_13
                0x06010028                __ashiftrt_r4_12
                0x0601002a                __ashiftrt_r4_11
                0x0601002c                __ashiftrt_r4_10
                0x0601002e                __ashiftrt_r4_9
                0x06010030                __ashiftrt_r4_8
                0x06010032                __ashiftrt_r4_7
                0x06010034                __ashiftrt_r4_6
                0x06010036                __ashiftrt_r4_5
                0x06010038                __ashiftrt_r4_4
                0x0601003a                __ashiftrt_r4_3
                0x0601003c                __ashiftrt_r4_2
                0x0601003e                __ashiftrt_r4_1
                0x06010042                __ashiftrt_r4_0
 *fill*         0x06010046        0x2 
 .text          0x06010048       0x80 F:/Saturn Dev/SaturnRingLib/Compiler/sh2eb-elf/bin/../lib/gcc/sh-elf/14.2.0\libgcc.a(_ashiftrt_n.o)
                0x06010048                __ashrsi3
 .text          0x060100c8       0xbc F:/Saturn Dev/SaturnRingLib/Compiler/sh2eb-elf/bin/../lib/gcc/sh-elf/14.2.0\libgcc.a(_ashiftlt.o)
                0x060100c8                __ashlsi3
                0x060100cc                __ashlsi3_r0
 .text          0x06010184       0xa0 F:/Saturn Dev/SaturnRingLib/Compiler/sh2eb-elf/bin/../lib/gcc/sh-elf/14.2.0\libgcc.a(_sdivsi3.o)
                0x06010184                __sdivsi3
 .text          0x06010224       0x6c F:/Saturn Dev/SaturnRingLib/Compiler/sh2eb-elf/bin/../lib/gcc/sh-elf/14.2.0\libgcc.a(_udivsi3.o)
                0x06010246                __udivsi3
 .text          0x06010290      0x3c4 F:/Saturn Dev/SaturnRingLib/Compiler/sh2eb-elf/bin/../lib/gcc/sh-elf/14.2.0\libgcc.a(_addsub_df.o)
                0x060105b0                __adddf3
                0x06010600                __subdf3
 .text          0x06010654      0x224 F:/Saturn Dev/SaturnRingLib/Compiler/sh2eb-elf/bin/../lib/gcc/sh-elf/14.2.0\libgcc.a(_mul_df.o)
                0x06010654                __muldf3
 .text          0x06010878      0x130 F:/Saturn Dev/SaturnRingLib/Compiler/sh2eb-elf/bin/../lib/gcc/sh-elf/14.2.0\libgcc.a(_div_df.o)
                0x06010878                __divdf3
 .text          0x060109a8       0xa8 F:/Saturn Dev/SaturnRingLib/Compiler/sh2eb-elf/bin/../lib/gcc/sh-elf/14.2.0\libgcc.a(_si_to_df.o)
                0x060109a8                __floatsidf
 .text          0x06010a50       0xa8 F:/Saturn Dev/SaturnRingLib/Compiler/sh2eb-elf/bin/../lib/gcc/sh-elf/14.2.0\libgcc.a(_df_to_si.o)
                0x06010a50                __fixdfsi
 .text          0x06010af8        0x0 F:/Saturn Dev/SaturnRingLib/Compiler/sh2eb-elf/bin/../lib/gcc/sh-elf/14.2.0\libgcc.a(_thenan_df.o)
 .text          0x06010af8       0xbc F:/Saturn Dev/SaturnRingLib/Compiler/sh2eb-elf/bin/../lib/gcc/sh-elf/14.2.0\libgcc.a(_lshiftrt.o)
                0x06010af8                __lshrsi3
                0x06010afc                __lshrsi3_r0
 .text          0x06010bb4       0x74 F:/Saturn Dev/SaturnRingLib/Compiler/sh2eb-elf/bin/../lib/gcc/sh-elf/14.2.0\libgcc.a(_clzsi2.o)
                0x06010bb4                __clzsi2
 .text          0x06010c28      0x238 F:/Saturn Dev/SaturnRingLib/Compiler/sh2eb-elf/bin/../lib/gcc/sh-elf/14.2.0\libgcc.a(_pack_df.o)
                0x06010c28                __pack_d
 .text          0x06010e60       0xd4 F:/Saturn Dev/SaturnRingLib/Compiler/sh2eb-elf/bin/../lib/gcc/sh-elf/14.2.0\libgcc.a(_unpack_df.o)
                0x06010e60                __unpack_d
 .text          0x06010f34        0x0 F:/Saturn Dev/SaturnRingLib/Compiler/sh2eb-elf/bin/../lib/gcc/sh-elf/14.2.0\libgcc.a(_clz.o)
 .text          0x06010f34       0x18 F:/Saturn Dev/SaturnRingLib/Compiler/sh2eb-elf/bin/../lib/gcc/sh-elf/14.2.0/../../../../sh-elf/lib\libc.a(libc_a-abort.o)
                0x06010f34                abort
 .text          0x06010f4c       0x60 F:/Saturn Dev/SaturnRingLib/Compiler/sh2eb-elf/bin/../lib/gcc/sh-elf/14.2.0/../../../../sh-elf/lib\libc.a(libc_a-rand.o)
                0x06010f4c                srand
                0x06010f64                rand
 .text          0x06010fac       0x1e F:/Saturn Dev/SaturnRingLib/Compiler/sh2eb-elf/bin/../lib/gcc/sh-elf/14.2.0/../../../../sh-elf/lib\libc.a(libc_a-memcmp.o)
                0x06010fac                memcmp
 .text          0x06010fca       0x26 F:/Saturn Dev/SaturnRingLib/Compiler/sh2eb-elf/bin/../lib/gcc/sh-elf/14.2.0/../../../../sh-elf/lib\libc.a(libc_a-strncmp.o)
                0x06010fca                strncmp
 .text          0x06010ff0       0x32 F:/Saturn Dev/SaturnRingLib/Compiler/sh2eb-elf/bin/../lib/gcc/sh-elf/14.2.0/../../../../sh-elf/lib\libc.a(libc_a-strncpy.o)
                0x06010ff0                strncpy
 *fill*         0x06011022        0x2 
 .text          0x06011024      0x1a8 F:/Saturn Dev/SaturnRingLib/Compiler/sh2eb-elf/bin/../lib/gcc/sh-elf/14.2.0/../../../../sh-elf/lib\libc.a(libc_a-signal.o)
                0x06011024                _init_signal_r
                0x06011064                _signal_r
                0x060110b0                _raise_r
                0x06011120                __sigtramp_r
                0x06011180                raise
                0x06011194                signal
                0x060111a8                _init_signal
                0x060111b8                __sigtramp
 .text          0x060111cc        0x0 F:/Saturn Dev/SaturnRingLib/Compiler/sh2eb-elf/bin/../lib/gcc/sh-elf/14.2.0/../../../../sh-elf/lib\libc.a(libc_a-impure.o)
 .text          0x060111cc       0x40 F:/Saturn Dev/SaturnRingLib/Compiler/sh2eb-elf/bin/../lib/gcc/sh-elf/14.2.0/../../../../sh-elf/lib\libc.a(libc_a-signalr.o)
                0x060111cc                _kill_r
                0x06011200                _getpid_r
 .text          0x0601120c       0x94 F:/Saturn Dev/SaturnRingLib/Compiler/sh2eb-elf/bin/../lib/gcc/sh-elf/14.2.0/../../../../sh-elf/lib\libc.a(libc_a-memcpy.o)
                0x0601120c                memcpy
 .text          0x060112a0       0x40 F:/Saturn Dev/SaturnRingLib/Compiler/sh2eb-elf/bin/../lib/gcc/sh-elf/14.2.0/../../../../sh-elf/lib\libc.a(libc_a-memset.o)
                0x060112a0                memset
 .text          0x060112e0      0x194 F:/Saturn Dev/SaturnRingLib/Compiler/sh2eb-elf/bin/../lib/gcc/sh-elf/14.2.0/../../../../sh-elf/lib\libc.a(libc_a-mallocr.o)
                0x0601133c                _malloc_r
 .text          0x06011474        0x8 F:/Saturn Dev/SaturnRingLib/Compiler/sh2eb-elf/bin/../lib/gcc/sh-elf/14.2.0/../../../../sh-elf/lib\libc.a(libc_a-mlock.o)
                0x06011474                __malloc_lock
                0x06011478                __malloc_unlock
 .text          0x0601147c      0x1fc F:/Saturn Dev/SaturnRingLib/Compiler/sh2eb-elf/bin/../lib/gcc/sh-elf/14.2.0/../../../../sh-elf/lib\libc.a(libc_a-findfp.o)
                0x06011584                __sfp
                0x06011650                __sinit
 .text          0x06011678       0x58 F:/Saturn Dev/SaturnRingLib/Compiler/sh2eb-elf/bin/../lib/gcc/sh-elf/14.2.0/../../../../sh-elf/lib\libc.a(libc_a-fwalk.o)
                0x06011678                _fwalk_sglue
 .text          0x060116d0       0xdc F:/Saturn Dev/SaturnRingLib/Compiler/sh2eb-elf/bin/../lib/gcc/sh-elf/14.2.0/../../../../sh-elf/lib\libc.a(libc_a-stdio.o)
                0x060116d0                __sread
                0x06011708                __seofread
                0x0601170c                __swrite
                0x0601175c                __sseek
                0x0601179c                __sclose
 .text          0x060117ac       0x30 F:/Saturn Dev/SaturnRingLib/Compiler/sh2eb-elf/bin/../lib/gcc/sh-elf/14.2.0/../../../../sh-elf/lib\libc.a(libc_a-closer.o)
                0x060117ac                _close_r
 .text          0x060117dc       0xa4 F:/Saturn Dev/SaturnRingLib/Compiler/sh2eb-elf/bin/../lib/gcc/sh-elf/14.2.0/../../../../sh-elf/lib\libc.a(libc_a-reent.o)
                0x060117dc                _reclaim_reent
 .text          0x06011880       0x34 F:/Saturn Dev/SaturnRingLib/Compiler/sh2eb-elf/bin/../lib/gcc/sh-elf/14.2.0/../../../../sh-elf/lib\libc.a(libc_a-lseekr.o)
                0x06011880                _lseek_r
 .text          0x060118b4       0x34 F:/Saturn Dev/SaturnRingLib/Compiler/sh2eb-elf/bin/../lib/gcc/sh-elf/14.2.0/../../../../sh-elf/lib\libc.a(libc_a-readr.o)
                0x060118b4                _read_r
 .text          0x060118e8       0x30 F:/Saturn Dev/SaturnRingLib/Compiler/sh2eb-elf/bin/../lib/gcc/sh-elf/14.2.0/../../../../sh-elf/lib\libc.a(libc_a-sbrkr.o)
                0x060118e8                _sbrk_r
 .text          0x06011918       0x34 F:/Saturn Dev/SaturnRingLib/Compiler/sh2eb-elf/bin/../lib/gcc/sh-elf/14.2.0/../../../../sh-elf/lib\libc.a(libc_a-writer.o)
                0x06011918                _write_r
 .text          0x0601194c       0xc4 F:/Saturn Dev/SaturnRingLib/Compiler/sh2eb-elf/bin/../lib/gcc/sh-elf/14.2.0/../../../../sh-elf/lib\libc.a(libc_a-freer.o)
                0x0601194c                _free_r
 .text          0x06011a10      0x1a8 F:/Saturn Dev/SaturnRingLib/Compiler/sh2eb-elf/bin/../lib/gcc/sh-elf/14.2.0/../../../../sh-elf/lib\libc.a(libc_a-fflush.o)
                0x06011a10                __sflush_r
                0x06011b48                _fflush_r
                0x06011b88                fflush
 .text          0x06011bb8       0x10 F:/Saturn Dev/SaturnRingLib/Compiler/sh2eb-elf/bin/../lib/gcc/sh-elf/14.2.0/../../../../sh-elf/lib\libnosys.a(close.o)
                0x06011bb8                _close
 .text          0x06011bc8       0x10 F:/Saturn Dev/SaturnRingLib/Compiler/sh2eb-elf/bin/../lib/gcc/sh-elf/14.2.0/../../../../sh-elf/lib\libnosys.a(getpid.o)
                0x06011bc8                _getpid
 .text          0x06011bd8       0x10 F:/Saturn Dev/SaturnRingLib/Compiler/sh2eb-elf/bin/../lib/gcc/sh-elf/14.2.0/../../../../sh-elf/lib\libnosys.a(kill.o)
                0x06011bd8                _kill
 .text          0x06011be8       0x10 F:/Saturn Dev/SaturnRingLib/Compiler/sh2eb-elf/bin/../lib/gcc/sh-elf/14.2.0/../../../../sh-elf/lib\libnosys.a(lseek.o)
                0x06011be8                _lseek
 .text          0x06011bf8       0x10 F:/Saturn Dev/SaturnRingLib/Compiler/sh2eb-elf/bin/../lib/gcc/sh-elf/14.2.0/../../../../sh-elf/lib\libnosys.a(read.o)
                0x06011bf8                _read
 .text          0x06011c08       0x18 F:/Saturn Dev/SaturnRingLib/Compiler/sh2eb-elf/bin/../lib/gcc/sh-elf/14.2.0/../../../../sh-elf/lib\libnosys.a(sbrk.o)
                0x06011c08                _sbrk
 .text          0x06011c20       0x10 F:/Saturn Dev/SaturnRingLib/Compiler/sh2eb-elf/bin/../lib/gcc/sh-elf/14.2.0/../../../../sh-elf/lib\libnosys.a(write.o)
                0x06011c20                _write
 .text          0x06011c30        0x4 F:/Saturn Dev/SaturnRingLib/Compiler/sh2eb-elf/bin/../lib/gcc/sh-elf/14.2.0/../../../../sh-elf/lib\libnosys.a(_exit.o)
                0x06011c30                _exit
 *(.strings*)
 *(SEGA_P)
 *(.eh_frame_hdr*)
 *(.eh_frame*)
                0x06011c34                        __etext = .

COMMON          0x06011c40       0x28
 *(COMMON)
 COMMON         0x06011c40        0xc ../../saturnringlib/../modules/sgl/LIB/LIBCD.A(GFS.O)
                0x06011c40                GFMC_base
                0x06011c44                gfs_mng_ptr
                0x06011c48                gfs_use_scudma
 COMMON         0x06011c4c        0xc ../../saturnringlib/../modules/sgl/LIB/LIBCD.A(GFS_CDC.O)
                0x06011c4c                gfcd_fatal_err
                0x06011c50                gfcd_work
                0x06011c54                gfcd_playflag
 COMMON         0x06011c58        0x8 ../../saturnringlib/../modules/sgl/LIB/LIBCD.A(GFS_CDF.O)
                0x06011c58                gfcf_fad
                0x06011c5c                gfcf_stat
 COMMON         0x06011c60        0x8 ../../saturnringlib/../modules/sgl/LIB/LIBSND.A(snd_main.o)
                0x06011c60                snd_adr_sys_int_work
                0x06011c64                snd_msk_work_work

SLPROG          0x06011c80     0xa370
                0x06011c80                        __slprog_start = .
 *(SLPROG)
 SLPROG         0x06011c80       0x20 ../../saturnringlib/../modules/sgl/LIB/LIBSGL.A(sglB001.o)
                0x06011c80                slTVOn
                0x06011c8a                slTVOff
 SLPROG         0x06011ca0       0x1e ../../saturnringlib/../modules/sgl/LIB/LIBSGL.A(sglB002.o)
                0x06011ca0                slColRAMMode
 *fill*         0x06011cbe        0x2 
 SLPROG         0x06011cc0      0x40c ../../saturnringlib/../modules/sgl/LIB/LIBSGL.A(sglB015.o)
                0x06011cc0                slScrAutoDisp
 *fill*         0x060120cc        0x4 
 SLPROG         0x060120d0        0xc ../../saturnringlib/../modules/sgl/LIB/LIBSGL.A(sglB016.o)
                0x060120d0                slBack1ColSet
 *fill*         0x060120dc        0x4 
 SLPROG         0x060120e0       0xb4 ../../saturnringlib/../modules/sgl/LIB/LIBSGL.A(sglB034.o)
                0x060120e0                slMapNbg3
 *fill*         0x06012194        0xc 
 SLPROG         0x060121a0       0x70 ../../saturnringlib/../modules/sgl/LIB/LIBSGL.A(sglB038.o)
                0x060121a0                slRparaInitSet
 SLPROG         0x06012210       0x10 ../../saturnringlib/../modules/sgl/LIB/LIBSGL.A(sglB058.o)
                0x06012210                slPlaneNbg3
 SLPROG         0x06012220        0xc ../../saturnringlib/../modules/sgl/LIB/LIBSGL.A(sglB063.o)
                0x06012220                slPriority
 *fill*         0x0601222c        0x4 
 SLPROG         0x06012230      0x114 ../../saturnringlib/../modules/sgl/LIB/LIBSGL.A(sglB200.o)
                0x06012230                slCharRbg0
                0x0601223c                slCharNbg0
                0x06012248                slCharNbg1
                0x06012254                slCharNbg2
                0x0601226a                slCharNbg3
                0x06012282                slPageRbg0
                0x06012298                slPageNbg1
                0x060122a0                slPageNbg2
                0x060122a8                slPageNbg3
                0x060122b4                slPageNbg0
 *fill*         0x06012344        0xc 
 SLPROG         0x06012350       0x2c ../../saturnringlib/../modules/sgl/LIB/LIBSGL.A(sglC04.o)
                0x06012350                slZdspLevel
 *fill*         0x0601237c        0x4 
 SLPROG         0x06012380       0x78 ../../saturnringlib/../modules/sgl/LIB/LIBSGL.A(sglC05.o)
                0x06012380                slSetSprite
 *fill*         0x060123f8        0x8 
 SLPROG         0x06012400       0xd4 ../../saturnringlib/../modules/sgl/LIB/LIBSGL.A(sglC19.o)
                0x06012400                slDispSprite4P
 *fill*         0x060124d4        0xc 
 SLPROG         0x060124e0       0x40 ../../saturnringlib/../modules/sgl/LIB/LIBSGL.A(sglC20.o)
                0x060124e0                SpriteEntry
 SLPROG         0x06012520      0x4ae ../../saturnringlib/../modules/sgl/LIB/LIBSGL.A(sglC21.o)
                0x060125a8                RotSprite
                0x06012636                SetSprPosition
 *fill*         0x060129ce        0x2 
 SLPROG         0x060129d0       0x84 ../../saturnringlib/../modules/sgl/LIB/LIBSGL.A(sglD00.o)
                0x060129d0                slCpuDMACopy
                0x060129d0                slDMACopy
                0x06012a2a                CSH_AllClr
                0x06012a2a                slCashPurge
 *fill*         0x06012a54        0xc 
 SLPROG         0x06012a60       0xa0 ../../saturnringlib/../modules/sgl/LIB/LIBSGL.A(sglD01.o)
                0x06012a60                slDMAXCopy
 SLPROG         0x06012b00       0x10 ../../saturnringlib/../modules/sgl/LIB/LIBSGL.A(sglD02.o)
                0x06012b00                slDMAWait
 SLPROG         0x06012b10        0xc ../../saturnringlib/../modules/sgl/LIB/LIBSGL.A(sglD03.o)
                0x06012b10                slDMAStatus
 *fill*         0x06012b1c        0x4 
 SLPROG         0x06012b20       0x20 ../../saturnringlib/../modules/sgl/LIB/LIBSGL.A(sglD15.o)
                0x06012b20                CSH_Purge
 SLPROG         0x06012b40       0x84 ../../saturnringlib/../modules/sgl/LIB/LIBSGL.A(sglD16.o)
                0x06012b40                DMA_ScuSetPrm
                0x06012b88                DMA_SCU_PRM0
 *fill*         0x06012bc4        0xc 
 SLPROG         0x06012bd0       0x88 ../../saturnringlib/../modules/sgl/LIB/LIBSGL.A(sglD17.o)
                0x06012bd0                DMA_ScuStart
 *fill*         0x06012c58        0x8 
 SLPROG         0x06012c60       0x34 ../../saturnringlib/../modules/sgl/LIB/LIBSGL.A(sglD18.o)
                0x06012c60                DMA_ScuGetStatus
 *fill*         0x06012c94        0xc 
 SLPROG         0x06012ca0      0x1d0 ../../saturnringlib/../modules/sgl/LIB/LIBSGL.A(sglG00.o)
                0x06012ca0                slInitSound
                0x06012da4                slWaitSound
                0x06012dbc                slSndFlush
 SLPROG         0x06012e70      0xfc8 ../../saturnringlib/../modules/sgl/LIB/LIBSGL.A(sglH00.o)
                0x06012e88                slGetPortDir1
                0x06012e90                slGetPortDir2
                0x06012e98                slSetPortDir1
                0x06012ec2                slSetPortDir2
                0x06012efc                slGetPortData1
                0x06012f04                slGetPortData2
                0x06012f0c                slSetPortData1
                0x06012f16                slSetPortData2
                0x06012f28                slGetPortSelect1
                0x06012f32                slGetPortSelect2
                0x06012f3c                slSetPortSelect1
                0x06012f70                slSetPortSelect2
                0x06012fac                slGetPortExt1
                0x06012fb6                slGetPortExt2
                0x06012fc0                slSetPortExt1
                0x06012ff0                slSetPortExt2
                0x06013164                slSmpcDirectAccess
                0x060131e4                slInitPeripheral
                0x06013276                slSetResultBuffer
                0x06013302                slCheckIntBackSet
                0x0601330e                slIntBackCancel
                0x06013338                slCheckReset
                0x06013342                slClearReset
                0x06013508                slSmpcCashSend
                0x060135c4                slSmpcCashBlow
                0x060136a0                slGetOptimize
                0x060136aa                slSetOptimize
                0x060136d0                slGetPortMode1
                0x060136dc                slGetPortMode2
                0x060136ea                slSetPortMode1
                0x06013728                slSetPortMode2
                0x060138b4                slRequestCommand
                0x06013924                Smpc_Status
                0x06013928                Smpc_Result
                0x0601392c                Smpc_Peripheral
                0x06013932                Per_Connect1
                0x06013933                Per_Connect2
                0x06013954                SmpcStatusBuf
 *fill*         0x06013e38        0x8 
 SLPROG         0x06013e40      0x470 ../../saturnringlib/../modules/sgl/LIB/LIBSGL.A(sglH02.o)
                0x06014230                smpc_pfr_tbl
                0x06014270                smpc_ptf_tbl
 SLPROG         0x060142b0       0x60 ../../saturnringlib/../modules/sgl/LIB/LIBSGL.A(sglH04.o)
                0x060142b0                slComPrmIntBack
                0x060142c4                slComPrmSetMemory
                0x060142da                slComPrmSetTime
 SLPROG         0x06014310      0x3a4 ../../saturnringlib/../modules/sgl/LIB/LIBSGL.A(sglI01.o)
                0x06014310                slInitSynch
                0x0601432a                slSynch
                0x06014420                slRandom
                0x0601443e                PCM_EndCheck
                0x060144fa                RetPCMBuf
                0x06014594                PCM_Buf
                0x06014634                Sound_Buf
 *fill*         0x060146b4        0xc 
 SLPROG         0x060146c0       0x10 ../../saturnringlib/../modules/sgl/LIB/LIBSGL.A(sglI04.o)
                0x060146c0                slIntFunction
 SLPROG         0x060146d0       0x74 ../../saturnringlib/../modules/sgl/LIB/LIBSGL.A(sglJ00.o)
                0x060146d0                InitSlaveSH
                0x06014738                SlaveCommand
 *fill*         0x06014744        0xc 
 SLPROG         0x06014750      0x3d0 ../../saturnringlib/../modules/sgl/LIB/LIBSGL.A(sglJ01.o)
                0x06014750                SlaveControl
                0x06014b0c                ErasePolygonData
 SLPROG         0x06014b20     0x12b8 ../../saturnringlib/../modules/sgl/LIB/LIBSGL.A(sglJ02.o)
                0x06014b20                sbMakePolygon
                0x06014d08                sbCalcPolygon
                0x06015a40                SetTexture
                0x06015a4c                SetPolygon
                0x06015a54                SetPosition
                0x06015a8c                stvtc_4
                0x06015b44                stvtc_3
                0x06015d54                stvtc_1
                0x06015d68                stvtc_2
                0x06015d7c                stvtc_0
 *fill*         0x06015dd8        0x8 
 SLPROG         0x06015de0      0x140 ../../saturnringlib/../modules/sgl/LIB/LIBSGL.A(sglJ03.o)
                0x06015de0                sbMakeDMATable
 SLPROG         0x06015f20      0x470 ../../saturnringlib/../modules/sgl/LIB/LIBSGL.A(sglJ04.o)
                0x06015f7e                sbMakeSprite
                0x06015fe4                sbMakeRotSprite
 SLPROG         0x06016390       0x3c ../../saturnringlib/../modules/sgl/LIB/LIBSGL.A(sglJ05.o)
                0x06016390                sbSortEntry
 *fill*         0x060163cc        0x4 
 SLPROG         0x060163d0       0x6a ../../saturnringlib/../modules/sgl/LIB/LIBSGL.A(sglM01.o)
                0x060163d0                slSetDepthLimit
                0x060163fc                slSetDepthTbl
                0x0601642c                DepthWorkArea
 *fill*         0x0601643a        0x6 
 SLPROG         0x06016440       0x20 ../../saturnringlib/../modules/sgl/LIB/LIBSGL.A(sglA00.o)
                0x06016440                set_imask
                0x06016440                _builtin_set_imask
                0x06016454                _builtin_get_imask
                0x06016454                get_imask
 SLPROG         0x06016460     0x411e ../../saturnringlib/../modules/sgl/LIB/LIBSGL.A(sglA01.o)
                0x06016460                slSin
                0x06016484                slCos
                0x060164a8                GetSinCos
                0x0601653c                sin_cos_index_tbl
                0x0601657c                sin_tbl
 *fill*         0x0601a57e        0x2 
 SLPROG         0x0601a580      0x42c ../../saturnringlib/../modules/sgl/LIB/LIBSGL.A(sglA20.o)
                0x0601a580                slInitMatrix
                0x0601a58a                slPushUnitMatrix
                0x0601a59e                slUnitMatrix
 *fill*         0x0601a9ac        0x4 
 SLPROG         0x0601a9b0      0xbd0 ../../saturnringlib/../modules/sgl/LIB/LIBSGL.A(sglB000.o)
                0x0601a9b0                slInitScroll
                0x0601aad0                setASC_1to8
                0x0601ab00                setASC_4to8
                0x0601ac10                TVSizeTbl
                0x0601ac90                TVModeTbl
                0x0601ae68                SGL_ASCII_CG
 SLPROG         0x0601b580       0xd4 ../../saturnringlib/../modules/sgl/LIB/LIBSGL.A(sglB035.o)
                0x0601b580                sl1MapRA
                0x0601b612                rbank_set
 *fill*         0x0601b654        0xc 
 SLPROG         0x0601b660      0x134 ../../saturnringlib/../modules/sgl/LIB/LIBSGL.A(sglC00.o)
                0x0601b660                slInitSprite
 *fill*         0x0601b794        0xc 
 SLPROG         0x0601b7a0      0x75c ../../saturnringlib/../modules/sgl/LIB/LIBSGL.A(sglI00.o)
                0x0601ba90                slInitInterrupt
 *fill*         0x0601befc        0x4 
 SLPROG         0x0601bf00       0xf0 ../../saturnringlib/../modules/sgl/LIB/LIBSGL.A(sglH03.o)
                0x0601bf64                slSmpcIntBack
                0x0601bff0                        __slprog_end = .

.tors           0x0601bff0       0x10
                0x0601bff0                        ___ctors = .
 *(.ctors*)
 .ctors         0x0601bff0        0x4 src/main.o
                0x0601bff4                        ___ctors_end = .
                0x0601bff4                        ___dtors = .
 *(.dtors*)
 .dtors         0x0601bff4        0x4 src/main.o
                0x0601bff8                        ___dtors_end = .

.data           0x0601c000      0x450
 *(.data*)
 .data          0x0601c000       0x28 ../../saturnringlib/../modules/sgl/LIB/../SRC/workarea.o
                0x0601c000                PCM_Work
                0x0601c004                SlaveStack
                0x0601c008                TransList
                0x0601c00c                MasterStack
                0x0601c010                SortList
                0x0601c014                Zbuffer
                0x0601c018                SpriteBuf
                0x0601c01c                Pbuffer
                0x0601c020                CLOfstBuf
                0x0601c024                CommandBuf
 .data          0x0601c028       0x24 src/main.o
                0x0601c028                Transition::transPoints
                0x0601c048                State
 .data._ZN3SRL5Sound4Cdda11TargetTrackE
                0x0601c04c        0x2 src/main.o
                0x0601c04c                SRL::Sound::Cdda::TargetTrack
 .data._ZZN3SRL5Input3Gun11SynchronizeEvE14secondPlayerId
                0x0601c04e        0x1 src/main.o
                0x0601c04e                SRL::Input::Gun::Synchronize()::secondPlayerId
 .data._ZZN3SRL5Input3Gun11SynchronizeEvE13firstPlayerId
                0x0601c04f        0x1 src/main.o
                0x0601c04f                SRL::Input::Gun::Synchronize()::firstPlayerId
 .data._ZN3SRL5Input10Management11PeripheralsE
                0x0601c050      0x120 src/main.o
                0x0601c050                SRL::Input::Management::Peripherals
 .data._ZN3SRL5Input10Management24PeripheralsPreviousStateE
                0x0601c170      0x120 src/main.o
                0x0601c170                SRL::Input::Management::PeripheralsPreviousState
 .data._ZN3SRL4VDP213ActiveScrollsE
                0x0601c290        0x2 src/main.o
                0x0601c290                SRL::VDP2::ActiveScrolls
 .data._ZN3SRL5ASCII7maxFontE
                0x0601c292        0x1 src/main.o
                0x0601c292                SRL::ASCII::maxFont
 *fill*         0x0601c293        0x1 
 .data._ZN3SRL5ASCII8fontBankE
                0x0601c294        0x2 src/main.o
                0x0601c294                SRL::ASCII::fontBank
 .data._ZN3SRL5ASCII9colorBankE
                0x0601c296        0x2 src/main.o
                0x0601c296                SRL::ASCII::colorBank
 .data._ZN3SRL4CRAM11BaseAddressE
                0x0601c298        0x4 src/main.o
                0x0601c298                SRL::CRAM::BaseAddress
 *fill*         0x0601c29c        0x4 
 .data          0x0601c2a0        0x0 ../../saturnringlib/../modules/sgl/LIB/LIBCD.A(CDC_CMN.O)
 .data          0x0601c2a0        0x0 ../../saturnringlib/../modules/sgl/LIB/LIBCD.A(CDC_DRV.O)
 .data          0x0601c2a0        0x0 ../../saturnringlib/../modules/sgl/LIB/LIBCD.A(CDC_REG.O)
 .data          0x0601c2a0        0x0 ../../saturnringlib/../modules/sgl/LIB/LIBCD.A(CDC_SUB.O)
 .data          0x0601c2a0        0x0 ../../saturnringlib/../modules/sgl/LIB/LIBCD.A(GFS.O)
 .data          0x0601c2a0        0x0 ../../saturnringlib/../modules/sgl/LIB/LIBCD.A(GFS_BUF.O)
 .data          0x0601c2a0        0x0 ../../saturnringlib/../modules/sgl/LIB/LIBCD.A(GFS_CDB.O)
 .data          0x0601c2a0        0x0 ../../saturnringlib/../modules/sgl/LIB/LIBCD.A(GFS_CDC.O)
 .data          0x0601c2a0        0x0 ../../saturnringlib/../modules/sgl/LIB/LIBCD.A(GFS_CDF.O)
 .data          0x0601c2a0        0x0 ../../saturnringlib/../modules/sgl/LIB/LIBCD.A(GFS_DIR.O)
 .data          0x0601c2a0        0x0 ../../saturnringlib/../modules/sgl/LIB/LIBCD.A(GFS_TRN.O)
 .data          0x0601c2a0        0x0 ../../saturnringlib/../modules/sgl/LIB/LIBCD.A(CDC_DEV.O)
 .data          0x0601c2a0        0x0 ../../saturnringlib/../modules/sgl/LIB/LIBCD.A(CDC_SEL.O)
 .data          0x0601c2a0        0x0 ../../saturnringlib/../modules/sgl/LIB/LIBCD.A(CDC_BIF.O)
 .data          0x0601c2a0        0x0 ../../saturnringlib/../modules/sgl/LIB/LIBCD.A(CDC_BIO.O)
 .data          0x0601c2a0        0x0 ../../saturnringlib/../modules/sgl/LIB/LIBCD.A(CDC_CFS.O)
 .data          0x0601c2a0        0x0 ../../saturnringlib/../modules/sgl/LIB/LIBSGL.A(sglB001.o)
 .data          0x0601c2a0        0x0 ../../saturnringlib/../modules/sgl/LIB/LIBSGL.A(sglB002.o)
 .data          0x0601c2a0        0x0 ../../saturnringlib/../modules/sgl/LIB/LIBSGL.A(sglB015.o)
 .data          0x0601c2a0        0x0 ../../saturnringlib/../modules/sgl/LIB/LIBSGL.A(sglB016.o)
 .data          0x0601c2a0        0x0 ../../saturnringlib/../modules/sgl/LIB/LIBSGL.A(sglB034.o)
 .data          0x0601c2a0        0x0 ../../saturnringlib/../modules/sgl/LIB/LIBSGL.A(sglB038.o)
 .data          0x0601c2a0        0x0 ../../saturnringlib/../modules/sgl/LIB/LIBSGL.A(sglB058.o)
 .data          0x0601c2a0        0x0 ../../saturnringlib/../modules/sgl/LIB/LIBSGL.A(sglB063.o)
 .data          0x0601c2a0        0x0 ../../saturnringlib/../modules/sgl/LIB/LIBSGL.A(sglB200.o)
 .data          0x0601c2a0        0x0 ../../saturnringlib/../modules/sgl/LIB/LIBSGL.A(sglC04.o)
 .data          0x0601c2a0        0x0 ../../saturnringlib/../modules/sgl/LIB/LIBSGL.A(sglC05.o)
 .data          0x0601c2a0        0x0 ../../saturnringlib/../modules/sgl/LIB/LIBSGL.A(sglC19.o)
 .data          0x0601c2a0        0x0 ../../saturnringlib/../modules/sgl/LIB/LIBSGL.A(sglC20.o)
 .data          0x0601c2a0        0x0 ../../saturnringlib/../modules/sgl/LIB/LIBSGL.A(sglC21.o)
 .data          0x0601c2a0        0x0 ../../saturnringlib/../modules/sgl/LIB/LIBSGL.A(sglD00.o)
 .data          0x0601c2a0        0x0 ../../saturnringlib/../modules/sgl/LIB/LIBSGL.A(sglD01.o)
 .data          0x0601c2a0        0x0 ../../saturnringlib/../modules/sgl/LIB/LIBSGL.A(sglD02.o)
 .data          0x0601c2a0        0x0 ../../saturnringlib/../modules/sgl/LIB/LIBSGL.A(sglD03.o)
 .data          0x0601c2a0        0x0 ../../saturnringlib/../modules/sgl/LIB/LIBSGL.A(sglD15.o)
 .data          0x0601c2a0        0x0 ../../saturnringlib/../modules/sgl/LIB/LIBSGL.A(sglD16.o)
 .data          0x0601c2a0        0x0 ../../saturnringlib/../modules/sgl/LIB/LIBSGL.A(sglD17.o)
 .data          0x0601c2a0        0x0 ../../saturnringlib/../modules/sgl/LIB/LIBSGL.A(sglD18.o)
 .data          0x0601c2a0        0x0 ../../saturnringlib/../modules/sgl/LIB/LIBSGL.A(sglG00.o)
 .data          0x0601c2a0        0x0 ../../saturnringlib/../modules/sgl/LIB/LIBSGL.A(sglH00.o)
 .data          0x0601c2a0        0x0 ../../saturnringlib/../modules/sgl/LIB/LIBSGL.A(sglH02.o)
 .data          0x0601c2a0        0x0 ../../saturnringlib/../modules/sgl/LIB/LIBSGL.A(sglH04.o)
 .data          0x0601c2a0        0x0 ../../saturnringlib/../modules/sgl/LIB/LIBSGL.A(sglI01.o)
 .data          0x0601c2a0        0x0 ../../saturnringlib/../modules/sgl/LIB/LIBSGL.A(sglI04.o)
 .data          0x0601c2a0       0x80 ../../saturnringlib/../modules/sgl/LIB/LIBSGL.A(sglIc0.o)
                0x0601c2a0                IntPrioMask
 .data          0x0601c320        0x0 ../../saturnringlib/../modules/sgl/LIB/LIBSGL.A(sglJ00.o)
 .data          0x0601c320        0x0 ../../saturnringlib/../modules/sgl/LIB/LIBSGL.A(sglJ01.o)
 .data          0x0601c320        0x0 ../../saturnringlib/../modules/sgl/LIB/LIBSGL.A(sglJ02.o)
 .data          0x0601c320        0x0 ../../saturnringlib/../modules/sgl/LIB/LIBSGL.A(sglJ03.o)
 .data          0x0601c320        0x0 ../../saturnringlib/../modules/sgl/LIB/LIBSGL.A(sglJ04.o)
 .data          0x0601c320        0x0 ../../saturnringlib/../modules/sgl/LIB/LIBSGL.A(sglJ05.o)
 .data          0x0601c320        0x0 ../../saturnringlib/../modules/sgl/LIB/LIBSGL.A(sglK01.o)
 .data          0x0601c320        0x0 ../../saturnringlib/../modules/sgl/LIB/LIBSGL.A(sglM01.o)
 .data          0x0601c320        0x0 ../../saturnringlib/../modules/sgl/LIB/LIBSGL.A(sglA00.o)
 .data          0x0601c320        0x0 ../../saturnringlib/../modules/sgl/LIB/LIBSGL.A(sglA01.o)
 .data          0x0601c320        0x0 ../../saturnringlib/../modules/sgl/LIB/LIBSGL.A(sglA20.o)
 .data          0x0601c320        0x0 ../../saturnringlib/../modules/sgl/LIB/LIBSGL.A(sglB000.o)
 .data          0x0601c320        0x0 ../../saturnringlib/../modules/sgl/LIB/LIBSGL.A(sglB035.o)
 .data          0x0601c320        0x0 ../../saturnringlib/../modules/sgl/LIB/LIBSGL.A(sglC00.o)
 .data          0x0601c320        0x0 ../../saturnringlib/../modules/sgl/LIB/LIBSGL.A(sglI00.o)
 .data          0x0601c320        0x0 ../../saturnringlib/../modules/sgl/LIB/LIBSGL.A(sglH03.o)
 .data          0x0601c320        0x0 ../../saturnringlib/../modules/sgl/LIB/LIBSND.A(snd_main.o)
 .data          0x0601c320        0x0 F:/Saturn Dev/SaturnRingLib/Compiler/sh2eb-elf/bin/../lib/gcc/sh-elf/14.2.0\libgcc.a(_ashiftrt.o)
 .data          0x0601c320        0x0 F:/Saturn Dev/SaturnRingLib/Compiler/sh2eb-elf/bin/../lib/gcc/sh-elf/14.2.0\libgcc.a(_ashiftrt_n.o)
 .data          0x0601c320        0x0 F:/Saturn Dev/SaturnRingLib/Compiler/sh2eb-elf/bin/../lib/gcc/sh-elf/14.2.0\libgcc.a(_ashiftlt.o)
 .data          0x0601c320        0x0 F:/Saturn Dev/SaturnRingLib/Compiler/sh2eb-elf/bin/../lib/gcc/sh-elf/14.2.0\libgcc.a(_sdivsi3.o)
 .data          0x0601c320        0x0 F:/Saturn Dev/SaturnRingLib/Compiler/sh2eb-elf/bin/../lib/gcc/sh-elf/14.2.0\libgcc.a(_udivsi3.o)
 .data          0x0601c320        0x0 F:/Saturn Dev/SaturnRingLib/Compiler/sh2eb-elf/bin/../lib/gcc/sh-elf/14.2.0\libgcc.a(_addsub_df.o)
 .data          0x0601c320        0x0 F:/Saturn Dev/SaturnRingLib/Compiler/sh2eb-elf/bin/../lib/gcc/sh-elf/14.2.0\libgcc.a(_mul_df.o)
 .data          0x0601c320        0x0 F:/Saturn Dev/SaturnRingLib/Compiler/sh2eb-elf/bin/../lib/gcc/sh-elf/14.2.0\libgcc.a(_div_df.o)
 .data          0x0601c320        0x0 F:/Saturn Dev/SaturnRingLib/Compiler/sh2eb-elf/bin/../lib/gcc/sh-elf/14.2.0\libgcc.a(_si_to_df.o)
 .data          0x0601c320        0x0 F:/Saturn Dev/SaturnRingLib/Compiler/sh2eb-elf/bin/../lib/gcc/sh-elf/14.2.0\libgcc.a(_df_to_si.o)
 .data          0x0601c320        0x0 F:/Saturn Dev/SaturnRingLib/Compiler/sh2eb-elf/bin/../lib/gcc/sh-elf/14.2.0\libgcc.a(_thenan_df.o)
 .data          0x0601c320        0x0 F:/Saturn Dev/SaturnRingLib/Compiler/sh2eb-elf/bin/../lib/gcc/sh-elf/14.2.0\libgcc.a(_lshiftrt.o)
 .data          0x0601c320        0x0 F:/Saturn Dev/SaturnRingLib/Compiler/sh2eb-elf/bin/../lib/gcc/sh-elf/14.2.0\libgcc.a(_clzsi2.o)
 .data          0x0601c320        0x0 F:/Saturn Dev/SaturnRingLib/Compiler/sh2eb-elf/bin/../lib/gcc/sh-elf/14.2.0\libgcc.a(_pack_df.o)
 .data          0x0601c320        0x0 F:/Saturn Dev/SaturnRingLib/Compiler/sh2eb-elf/bin/../lib/gcc/sh-elf/14.2.0\libgcc.a(_unpack_df.o)
 .data          0x0601c320        0x0 F:/Saturn Dev/SaturnRingLib/Compiler/sh2eb-elf/bin/../lib/gcc/sh-elf/14.2.0\libgcc.a(_clz.o)
 .data          0x0601c320        0x0 F:/Saturn Dev/SaturnRingLib/Compiler/sh2eb-elf/bin/../lib/gcc/sh-elf/14.2.0/../../../../sh-elf/lib\libc.a(libc_a-abort.o)
 .data          0x0601c320        0x0 F:/Saturn Dev/SaturnRingLib/Compiler/sh2eb-elf/bin/../lib/gcc/sh-elf/14.2.0/../../../../sh-elf/lib\libc.a(libc_a-rand.o)
 .data          0x0601c320        0x0 F:/Saturn Dev/SaturnRingLib/Compiler/sh2eb-elf/bin/../lib/gcc/sh-elf/14.2.0/../../../../sh-elf/lib\libc.a(libc_a-memcmp.o)
 .data          0x0601c320        0x0 F:/Saturn Dev/SaturnRingLib/Compiler/sh2eb-elf/bin/../lib/gcc/sh-elf/14.2.0/../../../../sh-elf/lib\libc.a(libc_a-strncmp.o)
 .data          0x0601c320        0x0 F:/Saturn Dev/SaturnRingLib/Compiler/sh2eb-elf/bin/../lib/gcc/sh-elf/14.2.0/../../../../sh-elf/lib\libc.a(libc_a-strncpy.o)
 .data          0x0601c320        0x0 F:/Saturn Dev/SaturnRingLib/Compiler/sh2eb-elf/bin/../lib/gcc/sh-elf/14.2.0/../../../../sh-elf/lib\libc.a(libc_a-signal.o)
 .data          0x0601c320      0x120 F:/Saturn Dev/SaturnRingLib/Compiler/sh2eb-elf/bin/../lib/gcc/sh-elf/14.2.0/../../../../sh-elf/lib\libc.a(libc_a-impure.o)
                0x0601c320                _impure_ptr
                0x0601c324                _impure_data
 .data          0x0601c440        0x0 F:/Saturn Dev/SaturnRingLib/Compiler/sh2eb-elf/bin/../lib/gcc/sh-elf/14.2.0/../../../../sh-elf/lib\libc.a(libc_a-signalr.o)
 .data          0x0601c440        0x0 F:/Saturn Dev/SaturnRingLib/Compiler/sh2eb-elf/bin/../lib/gcc/sh-elf/14.2.0/../../../../sh-elf/lib\libc.a(libc_a-memcpy.o)
 .data          0x0601c440        0x0 F:/Saturn Dev/SaturnRingLib/Compiler/sh2eb-elf/bin/../lib/gcc/sh-elf/14.2.0/../../../../sh-elf/lib\libc.a(libc_a-memset.o)
 .data          0x0601c440        0x0 F:/Saturn Dev/SaturnRingLib/Compiler/sh2eb-elf/bin/../lib/gcc/sh-elf/14.2.0/../../../../sh-elf/lib\libc.a(libc_a-mallocr.o)
 .data          0x0601c440        0x0 F:/Saturn Dev/SaturnRingLib/Compiler/sh2eb-elf/bin/../lib/gcc/sh-elf/14.2.0/../../../../sh-elf/lib\libc.a(libc_a-mlock.o)
 .data          0x0601c440        0xc F:/Saturn Dev/SaturnRingLib/Compiler/sh2eb-elf/bin/../lib/gcc/sh-elf/14.2.0/../../../../sh-elf/lib\libc.a(libc_a-findfp.o)
                0x0601c440                __sglue
 .data          0x0601c44c        0x0 F:/Saturn Dev/SaturnRingLib/Compiler/sh2eb-elf/bin/../lib/gcc/sh-elf/14.2.0/../../../../sh-elf/lib\libc.a(libc_a-fwalk.o)
 .data          0x0601c44c        0x0 F:/Saturn Dev/SaturnRingLib/Compiler/sh2eb-elf/bin/../lib/gcc/sh-elf/14.2.0/../../../../sh-elf/lib\libc.a(libc_a-stdio.o)
 .data          0x0601c44c        0x0 F:/Saturn Dev/SaturnRingLib/Compiler/sh2eb-elf/bin/../lib/gcc/sh-elf/14.2.0/../../../../sh-elf/lib\libc.a(libc_a-closer.o)
 .data          0x0601c44c        0x0 F:/Saturn Dev/SaturnRingLib/Compiler/sh2eb-elf/bin/../lib/gcc/sh-elf/14.2.0/../../../../sh-elf/lib\libc.a(libc_a-reent.o)
 .data          0x0601c44c        0x0 F:/Saturn Dev/SaturnRingLib/Compiler/sh2eb-elf/bin/../lib/gcc/sh-elf/14.2.0/../../../../sh-elf/lib\libc.a(libc_a-lseekr.o)
 .data          0x0601c44c        0x0 F:/Saturn Dev/SaturnRingLib/Compiler/sh2eb-elf/bin/../lib/gcc/sh-elf/14.2.0/../../../../sh-elf/lib\libc.a(libc_a-readr.o)
 .data          0x0601c44c        0x0 F:/Saturn Dev/SaturnRingLib/Compiler/sh2eb-elf/bin/../lib/gcc/sh-elf/14.2.0/../../../../sh-elf/lib\libc.a(libc_a-sbrkr.o)
 .data          0x0601c44c        0x0 F:/Saturn Dev/SaturnRingLib/Compiler/sh2eb-elf/bin/../lib/gcc/sh-elf/14.2.0/../../../../sh-elf/lib\libc.a(libc_a-writer.o)
 .data          0x0601c44c        0x0 F:/Saturn Dev/SaturnRingLib/Compiler/sh2eb-elf/bin/../lib/gcc/sh-elf/14.2.0/../../../../sh-elf/lib\libc.a(libc_a-freer.o)
 .data          0x0601c44c        0x0 F:/Saturn Dev/SaturnRingLib/Compiler/sh2eb-elf/bin/../lib/gcc/sh-elf/14.2.0/../../../../sh-elf/lib\libc.a(libc_a-fflush.o)
 .data          0x0601c44c        0x0 F:/Saturn Dev/SaturnRingLib/Compiler/sh2eb-elf/bin/../lib/gcc/sh-elf/14.2.0/../../../../sh-elf/lib\libnosys.a(close.o)
 .data          0x0601c44c        0x0 F:/Saturn Dev/SaturnRingLib/Compiler/sh2eb-elf/bin/../lib/gcc/sh-elf/14.2.0/../../../../sh-elf/lib\libnosys.a(getpid.o)
 .data          0x0601c44c        0x0 F:/Saturn Dev/SaturnRingLib/Compiler/sh2eb-elf/bin/../lib/gcc/sh-elf/14.2.0/../../../../sh-elf/lib\libnosys.a(kill.o)
 .data          0x0601c44c        0x0 F:/Saturn Dev/SaturnRingLib/Compiler/sh2eb-elf/bin/../lib/gcc/sh-elf/14.2.0/../../../../sh-elf/lib\libnosys.a(lseek.o)
 .data          0x0601c44c        0x0 F:/Saturn Dev/SaturnRingLib/Compiler/sh2eb-elf/bin/../lib/gcc/sh-elf/14.2.0/../../../../sh-elf/lib\libnosys.a(read.o)
 .data          0x0601c44c        0x0 F:/Saturn Dev/SaturnRingLib/Compiler/sh2eb-elf/bin/../lib/gcc/sh-elf/14.2.0/../../../../sh-elf/lib\libnosys.a(sbrk.o)
 .data          0x0601c44c        0x0 F:/Saturn Dev/SaturnRingLib/Compiler/sh2eb-elf/bin/../lib/gcc/sh-elf/14.2.0/../../../../sh-elf/lib\libnosys.a(write.o)
 .data          0x0601c44c        0x0 F:/Saturn Dev/SaturnRingLib/Compiler/sh2eb-elf/bin/../lib/gcc/sh-elf/14.2.0/../../../../sh-elf/lib\libnosys.a(_exit.o)
                0x0601c44c                        __edata = .

.rodata         0x0601c460      0x340
 *(.rodata*)
 .rodata        0x0601c460       0x18 ../../saturnringlib/../modules/sgl/LIB/../SRC/workarea.o
                0x0601c460                PCM_WkSize
                0x0601c464                MaxVertices
                0x0601c466                MaxPolygons
                0x0601c468                SortListSize
                0x0601c46c                SpriteBufSize
                0x0601c470                EventSize
                0x0601c472                MaxEvents
                0x0601c474                WorkSize
                0x0601c476                MaxWorks
 .rodata._ZN3SRL5Sound8Hardware10InitializeEv.str1.4
                0x0601c478       0x18 src/main.o
 .rodata.str1.4
                0x0601c490        0xc src/main.o
 .rodata._ZTVN3SRL6Bitmap3TGAE
                0x0601c49c       0x10 src/main.o
                0x0601c49c                vtable for SRL::Bitmap::TGA
 .rodata._ZN9RedVelvet6RVMath9SineTableE
                0x0601c4ac      0x1e0 src/main.o
                0x0601c4ac                RedVelvet::RVMath::SineTable
 .rodata        0x0601c68c       0x14 F:/Saturn Dev/SaturnRingLib/Compiler/sh2eb-elf/bin/../lib/gcc/sh-elf/14.2.0\libgcc.a(_thenan_df.o)
                0x0601c68c                __thenan_df
 .rodata        0x0601c6a0      0x100 F:/Saturn Dev/SaturnRingLib/Compiler/sh2eb-elf/bin/../lib/gcc/sh-elf/14.2.0\libgcc.a(_clz.o)
                0x0601c6a0                __clz_tab

.bss            0x0601c7a0     0xc628
                0x0601c7a0                        __bstart = .
 *(.bss*)
 .bss           0x0601c7a0       0xc8 ../../saturnringlib/../modules/sgl/LIB/../SRC/workarea.o
                0x0601c7a0                RemainWork
                0x0601c7a4                WorkBuf
                0x0601c7e4                RemainEvent
                0x0601c7e8                EventBuf
 .bss           0x0601c868     0x9914 src/main.o
                0x0601c868                Title::FlairStart
                0x0601c86c                Title::BG
                0x0601c870                Title::Logo
                0x0601c874                Transition::transState
                0x0601c878                RedVelvet::RVObjects::ListOfObjects
                0x06026178                FrameCounter
 .bss._ZGVN3SRL4Core8OnVblankE
                0x0602617c        0x8 src/main.o
                0x0602617c                guard variable for SRL::Core::OnVblank
 .bss._ZGVN3SRL4Core12OnBeforeSyncE
                0x06026184        0x8 src/main.o
                0x06026184                guard variable for SRL::Core::OnBeforeSync
 .bss._ZGVN3SRL4Core11OnAfterSyncE
                0x0602618c        0x8 src/main.o
                0x0602618c                guard variable for SRL::Core::OnAfterSync
 .bss._ZGVN3SRL4VDP212ScrollScreenINS0_4RBG0ELs5ELt16EE11TilePaletteE
                0x06026194        0x8 src/main.o
                0x06026194                guard variable for SRL::VDP2::ScrollScreen<SRL::VDP2::RBG0, (short)5, (unsigned short)16>::TilePalette
 .bss._ZGVN3SRL4VDP212ScrollScreenINS0_4NBG3ELs2ELt8EE11TilePaletteE
                0x0602619c        0x8 src/main.o
                0x0602619c                guard variable for SRL::VDP2::ScrollScreen<SRL::VDP2::NBG3, (short)2, (unsigned short)8>::TilePalette
 .bss._ZGVN3SRL4VDP212ScrollScreenINS0_4NBG2ELs3ELt4EE11TilePaletteE
                0x060261a4        0x8 src/main.o
                0x060261a4                guard variable for SRL::VDP2::ScrollScreen<SRL::VDP2::NBG2, (short)3, (unsigned short)4>::TilePalette
 .bss._ZGVN3SRL4VDP212ScrollScreenINS0_4NBG1ELs0ELt2EE11TilePaletteE
                0x060261ac        0x8 src/main.o
                0x060261ac                guard variable for SRL::VDP2::ScrollScreen<SRL::VDP2::NBG1, (short)0, (unsigned short)2>::TilePalette
 .bss._ZGVN3SRL4VDP212ScrollScreenINS0_4NBG0ELs1ELt1EE11TilePaletteE
                0x060261b4        0x8 src/main.o
                0x060261b4                guard variable for SRL::VDP2::ScrollScreen<SRL::VDP2::NBG0, (short)1, (unsigned short)1>::TilePalette
 .bss._ZGVN3SRL4VDP18MetadataE
                0x060261bc        0x8 src/main.o
                0x060261bc                guard variable for SRL::VDP1::Metadata
 .bss._ZGVN3SRL4VDP18TexturesE
                0x060261c4        0x8 src/main.o
                0x060261c4                guard variable for SRL::VDP1::Textures
 .bss._ZN3SRL7Scene2D7EffectsE
                0x060261cc        0x4 src/main.o
                0x060261cc                SRL::Scene2D::Effects
 .bss._ZN3SRL4Core8OnVblankE
                0x060261d0       0x18 src/main.o
                0x060261d0                SRL::Core::OnVblank
 .bss._ZN3SRL4Core12OnBeforeSyncE
                0x060261e8       0x18 src/main.o
                0x060261e8                SRL::Core::OnBeforeSync
 .bss._ZN3SRL4Core11OnAfterSyncE
                0x06026200       0x18 src/main.o
                0x06026200                SRL::Core::OnAfterSync
 .bss._ZN3SRL5Sound4Cdda12LoopPlaybackE
                0x06026218        0x1 src/main.o
                0x06026218                SRL::Sound::Cdda::LoopPlayback
 .bss._ZN3SRL5Input3Gun26Player2MegadriveGunControlE
                0x06026219        0x1 src/main.o
                0x06026219                SRL::Input::Gun::Player2MegadriveGunControl
 .bss._ZN3SRL5Input3Gun26Player1MegadriveGunControlE
                0x0602621a        0x1 src/main.o
                0x0602621a                SRL::Input::Gun::Player1MegadriveGunControl
 *fill*         0x0602621b        0x1 
 .bss._ZN3SRL4VDP212ScrollScreenINS0_4RBG0ELs5ELt16EE11TilePaletteE
                0x0602621c        0x8 src/main.o
                0x0602621c                SRL::VDP2::ScrollScreen<SRL::VDP2::RBG0, (short)5, (unsigned short)16>::TilePalette
 .bss._ZN3SRL4VDP212ScrollScreenINS0_4NBG3ELs2ELt8EE11TilePaletteE
                0x06026224        0x8 src/main.o
                0x06026224                SRL::VDP2::ScrollScreen<SRL::VDP2::NBG3, (short)2, (unsigned short)8>::TilePalette
 .bss._ZN3SRL4VDP212ScrollScreenINS0_4NBG2ELs3ELt4EE11TilePaletteE
                0x0602622c        0x8 src/main.o
                0x0602622c                SRL::VDP2::ScrollScreen<SRL::VDP2::NBG2, (short)3, (unsigned short)4>::TilePalette
 .bss._ZN3SRL4VDP212ScrollScreenINS0_4NBG1ELs0ELt2EE11TilePaletteE
                0x06026234        0x8 src/main.o
                0x06026234                SRL::VDP2::ScrollScreen<SRL::VDP2::NBG1, (short)0, (unsigned short)2>::TilePalette
 .bss._ZN3SRL4VDP212ScrollScreenINS0_4NBG0ELs1ELt1EE11TilePaletteE
                0x0602623c        0x8 src/main.o
                0x0602623c                SRL::VDP2::ScrollScreen<SRL::VDP2::NBG0, (short)1, (unsigned short)1>::TilePalette
 .bss._ZN3SRL4VDP18MetadataE
                0x06026244      0x190 src/main.o
                0x06026244                SRL::VDP1::Metadata
 .bss._ZN3SRL4VDP18TexturesE
                0x060263d4      0x320 src/main.o
                0x060263d4                SRL::VDP1::Textures
 .bss._ZN3SRL4VDP111HeapPointerE
                0x060266f4        0x2 src/main.o
                0x060266f4                SRL::VDP1::HeapPointer
 .bss._ZN3SRL2Cd13isInitializedE
                0x060266f6        0x1 src/main.o
                0x060266f6                SRL::Cd::isInitialized
 *fill*         0x060266f7        0x1 
 .bss._ZN3SRL2Cd7GfsWorkE
                0x060266f8      0xd08 src/main.o
                0x060266f8                SRL::Cd::GfsWork
 .bss._ZN3SRL2Cd17GfsDirectoryNamesE
                0x06027400     0x1800 src/main.o
                0x06027400                SRL::Cd::GfsDirectoryNames
 .bss._ZN3SRL2Cd14GfsDirectoriesE
                0x06028c00        0xc src/main.o
                0x06028c00                SRL::Cd::GfsDirectories
 .bss._ZN3SRL4CRAM14AllocationMaskE
                0x06028c0c       0x10 src/main.o
                0x06028c0c                SRL::CRAM::AllocationMask
 .bss._ZN3SRL6Memory10LowWorkRam4zoneE
                0x06028c1c        0x8 src/main.o
                0x06028c1c                SRL::Memory::LowWorkRam::zone
 .bss._ZN3SRL6Memory11HighWorkRam4zoneE
                0x06028c24        0x8 src/main.o
                0x06028c24                SRL::Memory::HighWorkRam::zone
 *fill*         0x06028c2c        0x4 
 .bss           0x06028c30        0x0 ../../saturnringlib/../modules/sgl/LIB/LIBCD.A(CDC_CMN.O)
 .bss           0x06028c30        0x0 ../../saturnringlib/../modules/sgl/LIB/LIBCD.A(CDC_DRV.O)
 .bss           0x06028c30        0x2 ../../saturnringlib/../modules/sgl/LIB/LIBCD.A(CDC_REG.O)
 *fill*         0x06028c32        0xe 
 .bss           0x06028c40        0xc ../../saturnringlib/../modules/sgl/LIB/LIBCD.A(CDC_SUB.O)
 *fill*         0x06028c4c        0x4 
 .bss           0x06028c50        0x0 ../../saturnringlib/../modules/sgl/LIB/LIBCD.A(GFS.O)
 .bss           0x06028c50        0x0 ../../saturnringlib/../modules/sgl/LIB/LIBCD.A(GFS_BUF.O)
 .bss           0x06028c50        0x0 ../../saturnringlib/../modules/sgl/LIB/LIBCD.A(GFS_CDB.O)
 .bss           0x06028c50        0x0 ../../saturnringlib/../modules/sgl/LIB/LIBCD.A(GFS_CDC.O)
 .bss           0x06028c50        0x0 ../../saturnringlib/../modules/sgl/LIB/LIBCD.A(GFS_CDF.O)
 .bss           0x06028c50        0x0 ../../saturnringlib/../modules/sgl/LIB/LIBCD.A(GFS_DIR.O)
 .bss           0x06028c50        0xc ../../saturnringlib/../modules/sgl/LIB/LIBCD.A(GFS_TRN.O)
 *fill*         0x06028c5c        0x4 
 .bss           0x06028c60        0x0 ../../saturnringlib/../modules/sgl/LIB/LIBCD.A(CDC_DEV.O)
 .bss           0x06028c60        0x0 ../../saturnringlib/../modules/sgl/LIB/LIBCD.A(CDC_SEL.O)
 .bss           0x06028c60        0x0 ../../saturnringlib/../modules/sgl/LIB/LIBCD.A(CDC_BIF.O)
 .bss           0x06028c60        0x0 ../../saturnringlib/../modules/sgl/LIB/LIBCD.A(CDC_BIO.O)
 .bss           0x06028c60        0x0 ../../saturnringlib/../modules/sgl/LIB/LIBCD.A(CDC_CFS.O)
 .bss           0x06028c60        0x0 ../../saturnringlib/../modules/sgl/LIB/LIBSGL.A(sglB001.o)
 .bss           0x06028c60        0x0 ../../saturnringlib/../modules/sgl/LIB/LIBSGL.A(sglB002.o)
 .bss           0x06028c60        0x0 ../../saturnringlib/../modules/sgl/LIB/LIBSGL.A(sglB015.o)
 .bss           0x06028c60        0x0 ../../saturnringlib/../modules/sgl/LIB/LIBSGL.A(sglB016.o)
 .bss           0x06028c60        0x0 ../../saturnringlib/../modules/sgl/LIB/LIBSGL.A(sglB034.o)
 .bss           0x06028c60        0x0 ../../saturnringlib/../modules/sgl/LIB/LIBSGL.A(sglB038.o)
 .bss           0x06028c60        0x0 ../../saturnringlib/../modules/sgl/LIB/LIBSGL.A(sglB058.o)
 .bss           0x06028c60        0x0 ../../saturnringlib/../modules/sgl/LIB/LIBSGL.A(sglB063.o)
 .bss           0x06028c60        0x0 ../../saturnringlib/../modules/sgl/LIB/LIBSGL.A(sglB200.o)
 .bss           0x06028c60        0x0 ../../saturnringlib/../modules/sgl/LIB/LIBSGL.A(sglC04.o)
 .bss           0x06028c60        0x0 ../../saturnringlib/../modules/sgl/LIB/LIBSGL.A(sglC05.o)
 .bss           0x06028c60        0x0 ../../saturnringlib/../modules/sgl/LIB/LIBSGL.A(sglC19.o)
 .bss           0x06028c60        0x0 ../../saturnringlib/../modules/sgl/LIB/LIBSGL.A(sglC20.o)
 .bss           0x06028c60        0x0 ../../saturnringlib/../modules/sgl/LIB/LIBSGL.A(sglC21.o)
 .bss           0x06028c60        0x0 ../../saturnringlib/../modules/sgl/LIB/LIBSGL.A(sglD00.o)
 .bss           0x06028c60        0x0 ../../saturnringlib/../modules/sgl/LIB/LIBSGL.A(sglD01.o)
 .bss           0x06028c60        0x0 ../../saturnringlib/../modules/sgl/LIB/LIBSGL.A(sglD02.o)
 .bss           0x06028c60        0x0 ../../saturnringlib/../modules/sgl/LIB/LIBSGL.A(sglD03.o)
 .bss           0x06028c60        0x0 ../../saturnringlib/../modules/sgl/LIB/LIBSGL.A(sglD15.o)
 .bss           0x06028c60        0x0 ../../saturnringlib/../modules/sgl/LIB/LIBSGL.A(sglD16.o)
 .bss           0x06028c60        0x0 ../../saturnringlib/../modules/sgl/LIB/LIBSGL.A(sglD17.o)
 .bss           0x06028c60        0x0 ../../saturnringlib/../modules/sgl/LIB/LIBSGL.A(sglD18.o)
 .bss           0x06028c60        0x0 ../../saturnringlib/../modules/sgl/LIB/LIBSGL.A(sglG00.o)
 .bss           0x06028c60        0x0 ../../saturnringlib/../modules/sgl/LIB/LIBSGL.A(sglH00.o)
 .bss           0x06028c60        0x0 ../../saturnringlib/../modules/sgl/LIB/LIBSGL.A(sglH02.o)
 .bss           0x06028c60        0x0 ../../saturnringlib/../modules/sgl/LIB/LIBSGL.A(sglH04.o)
 .bss           0x06028c60        0x0 ../../saturnringlib/../modules/sgl/LIB/LIBSGL.A(sglI01.o)
 .bss           0x06028c60        0x0 ../../saturnringlib/../modules/sgl/LIB/LIBSGL.A(sglI04.o)
 .bss           0x06028c60        0x0 ../../saturnringlib/../modules/sgl/LIB/LIBSGL.A(sglIc0.o)
 .bss           0x06028c60        0x0 ../../saturnringlib/../modules/sgl/LIB/LIBSGL.A(sglJ00.o)
 .bss           0x06028c60        0x0 ../../saturnringlib/../modules/sgl/LIB/LIBSGL.A(sglJ01.o)
 .bss           0x06028c60        0x0 ../../saturnringlib/../modules/sgl/LIB/LIBSGL.A(sglJ02.o)
 .bss           0x06028c60        0x0 ../../saturnringlib/../modules/sgl/LIB/LIBSGL.A(sglJ03.o)
 .bss           0x06028c60        0x0 ../../saturnringlib/../modules/sgl/LIB/LIBSGL.A(sglJ04.o)
 .bss           0x06028c60        0x0 ../../saturnringlib/../modules/sgl/LIB/LIBSGL.A(sglJ05.o)
 .bss           0x06028c60        0x0 ../../saturnringlib/../modules/sgl/LIB/LIBSGL.A(sglK01.o)
 .bss           0x06028c60        0x0 ../../saturnringlib/../modules/sgl/LIB/LIBSGL.A(sglM01.o)
 .bss           0x06028c60        0x0 ../../saturnringlib/../modules/sgl/LIB/LIBSGL.A(sglA00.o)
 .bss           0x06028c60        0x0 ../../saturnringlib/../modules/sgl/LIB/LIBSGL.A(sglA01.o)
 .bss           0x06028c60        0x0 ../../saturnringlib/../modules/sgl/LIB/LIBSGL.A(sglA20.o)
 .bss           0x06028c60        0x0 ../../saturnringlib/../modules/sgl/LIB/LIBSGL.A(sglB000.o)
 .bss           0x06028c60        0x0 ../../saturnringlib/../modules/sgl/LIB/LIBSGL.A(sglB035.o)
 .bss           0x06028c60        0x0 ../../saturnringlib/../modules/sgl/LIB/LIBSGL.A(sglC00.o)
 .bss           0x06028c60        0x0 ../../saturnringlib/../modules/sgl/LIB/LIBSGL.A(sglI00.o)
 .bss           0x06028c60        0x0 ../../saturnringlib/../modules/sgl/LIB/LIBSGL.A(sglH03.o)
 .bss           0x06028c60       0x28 ../../saturnringlib/../modules/sgl/LIB/LIBSND.A(snd_main.o)
 .bss           0x06028c88        0x0 F:/Saturn Dev/SaturnRingLib/Compiler/sh2eb-elf/bin/../lib/gcc/sh-elf/14.2.0\libgcc.a(_ashiftrt.o)
 .bss           0x06028c88        0x0 F:/Saturn Dev/SaturnRingLib/Compiler/sh2eb-elf/bin/../lib/gcc/sh-elf/14.2.0\libgcc.a(_ashiftrt_n.o)
 .bss           0x06028c88        0x0 F:/Saturn Dev/SaturnRingLib/Compiler/sh2eb-elf/bin/../lib/gcc/sh-elf/14.2.0\libgcc.a(_ashiftlt.o)
 .bss           0x06028c88        0x0 F:/Saturn Dev/SaturnRingLib/Compiler/sh2eb-elf/bin/../lib/gcc/sh-elf/14.2.0\libgcc.a(_sdivsi3.o)
 .bss           0x06028c88        0x0 F:/Saturn Dev/SaturnRingLib/Compiler/sh2eb-elf/bin/../lib/gcc/sh-elf/14.2.0\libgcc.a(_udivsi3.o)
 .bss           0x06028c88        0x0 F:/Saturn Dev/SaturnRingLib/Compiler/sh2eb-elf/bin/../lib/gcc/sh-elf/14.2.0\libgcc.a(_addsub_df.o)
 .bss           0x06028c88        0x0 F:/Saturn Dev/SaturnRingLib/Compiler/sh2eb-elf/bin/../lib/gcc/sh-elf/14.2.0\libgcc.a(_mul_df.o)
 .bss           0x06028c88        0x0 F:/Saturn Dev/SaturnRingLib/Compiler/sh2eb-elf/bin/../lib/gcc/sh-elf/14.2.0\libgcc.a(_div_df.o)
 .bss           0x06028c88        0x0 F:/Saturn Dev/SaturnRingLib/Compiler/sh2eb-elf/bin/../lib/gcc/sh-elf/14.2.0\libgcc.a(_si_to_df.o)
 .bss           0x06028c88        0x0 F:/Saturn Dev/SaturnRingLib/Compiler/sh2eb-elf/bin/../lib/gcc/sh-elf/14.2.0\libgcc.a(_df_to_si.o)
 .bss           0x06028c88        0x0 F:/Saturn Dev/SaturnRingLib/Compiler/sh2eb-elf/bin/../lib/gcc/sh-elf/14.2.0\libgcc.a(_thenan_df.o)
 .bss           0x06028c88        0x0 F:/Saturn Dev/SaturnRingLib/Compiler/sh2eb-elf/bin/../lib/gcc/sh-elf/14.2.0\libgcc.a(_lshiftrt.o)
 .bss           0x06028c88        0x0 F:/Saturn Dev/SaturnRingLib/Compiler/sh2eb-elf/bin/../lib/gcc/sh-elf/14.2.0\libgcc.a(_clzsi2.o)
 .bss           0x06028c88        0x0 F:/Saturn Dev/SaturnRingLib/Compiler/sh2eb-elf/bin/../lib/gcc/sh-elf/14.2.0\libgcc.a(_pack_df.o)
 .bss           0x06028c88        0x0 F:/Saturn Dev/SaturnRingLib/Compiler/sh2eb-elf/bin/../lib/gcc/sh-elf/14.2.0\libgcc.a(_unpack_df.o)
 .bss           0x06028c88        0x0 F:/Saturn Dev/SaturnRingLib/Compiler/sh2eb-elf/bin/../lib/gcc/sh-elf/14.2.0\libgcc.a(_clz.o)
 .bss           0x06028c88        0x0 F:/Saturn Dev/SaturnRingLib/Compiler/sh2eb-elf/bin/../lib/gcc/sh-elf/14.2.0/../../../../sh-elf/lib\libc.a(libc_a-abort.o)
 .bss           0x06028c88        0x0 F:/Saturn Dev/SaturnRingLib/Compiler/sh2eb-elf/bin/../lib/gcc/sh-elf/14.2.0/../../../../sh-elf/lib\libc.a(libc_a-rand.o)
 .bss           0x06028c88        0x0 F:/Saturn Dev/SaturnRingLib/Compiler/sh2eb-elf/bin/../lib/gcc/sh-elf/14.2.0/../../../../sh-elf/lib\libc.a(libc_a-memcmp.o)
 .bss           0x06028c88        0x0 F:/Saturn Dev/SaturnRingLib/Compiler/sh2eb-elf/bin/../lib/gcc/sh-elf/14.2.0/../../../../sh-elf/lib\libc.a(libc_a-strncmp.o)
 .bss           0x06028c88        0x0 F:/Saturn Dev/SaturnRingLib/Compiler/sh2eb-elf/bin/../lib/gcc/sh-elf/14.2.0/../../../../sh-elf/lib\libc.a(libc_a-strncpy.o)
 .bss           0x06028c88        0x0 F:/Saturn Dev/SaturnRingLib/Compiler/sh2eb-elf/bin/../lib/gcc/sh-elf/14.2.0/../../../../sh-elf/lib\libc.a(libc_a-signal.o)
 .bss           0x06028c88        0x0 F:/Saturn Dev/SaturnRingLib/Compiler/sh2eb-elf/bin/../lib/gcc/sh-elf/14.2.0/../../../../sh-elf/lib\libc.a(libc_a-impure.o)
 .bss           0x06028c88        0x0 F:/Saturn Dev/SaturnRingLib/Compiler/sh2eb-elf/bin/../lib/gcc/sh-elf/14.2.0/../../../../sh-elf/lib\libc.a(libc_a-signalr.o)
 .bss           0x06028c88        0x0 F:/Saturn Dev/SaturnRingLib/Compiler/sh2eb-elf/bin/../lib/gcc/sh-elf/14.2.0/../../../../sh-elf/lib\libc.a(libc_a-memcpy.o)
 .bss           0x06028c88        0x0 F:/Saturn Dev/SaturnRingLib/Compiler/sh2eb-elf/bin/../lib/gcc/sh-elf/14.2.0/../../../../sh-elf/lib\libc.a(libc_a-memset.o)
 .bss           0x06028c88        0x8 F:/Saturn Dev/SaturnRingLib/Compiler/sh2eb-elf/bin/../lib/gcc/sh-elf/14.2.0/../../../../sh-elf/lib\libc.a(libc_a-mallocr.o)
                0x06028c88                __malloc_sbrk_start
                0x06028c8c                __malloc_free_list
 .bss           0x06028c90        0x0 F:/Saturn Dev/SaturnRingLib/Compiler/sh2eb-elf/bin/../lib/gcc/sh-elf/14.2.0/../../../../sh-elf/lib\libc.a(libc_a-mlock.o)
 .bss           0x06028c90      0x130 F:/Saturn Dev/SaturnRingLib/Compiler/sh2eb-elf/bin/../lib/gcc/sh-elf/14.2.0/../../../../sh-elf/lib\libc.a(libc_a-findfp.o)
                0x06028c90                __sf
                0x06028dbc                __stdio_exit_handler
 .bss           0x06028dc0        0x0 F:/Saturn Dev/SaturnRingLib/Compiler/sh2eb-elf/bin/../lib/gcc/sh-elf/14.2.0/../../../../sh-elf/lib\libc.a(libc_a-fwalk.o)
 .bss           0x06028dc0        0x0 F:/Saturn Dev/SaturnRingLib/Compiler/sh2eb-elf/bin/../lib/gcc/sh-elf/14.2.0/../../../../sh-elf/lib\libc.a(libc_a-stdio.o)
 .bss           0x06028dc0        0x0 F:/Saturn Dev/SaturnRingLib/Compiler/sh2eb-elf/bin/../lib/gcc/sh-elf/14.2.0/../../../../sh-elf/lib\libc.a(libc_a-closer.o)
 .bss           0x06028dc0        0x4 F:/Saturn Dev/SaturnRingLib/Compiler/sh2eb-elf/bin/../lib/gcc/sh-elf/14.2.0/../../../../sh-elf/lib\libc.a(libc_a-reent.o)
                0x06028dc0                errno
 .bss           0x06028dc4        0x0 F:/Saturn Dev/SaturnRingLib/Compiler/sh2eb-elf/bin/../lib/gcc/sh-elf/14.2.0/../../../../sh-elf/lib\libc.a(libc_a-lseekr.o)
 .bss           0x06028dc4        0x0 F:/Saturn Dev/SaturnRingLib/Compiler/sh2eb-elf/bin/../lib/gcc/sh-elf/14.2.0/../../../../sh-elf/lib\libc.a(libc_a-readr.o)
 .bss           0x06028dc4        0x0 F:/Saturn Dev/SaturnRingLib/Compiler/sh2eb-elf/bin/../lib/gcc/sh-elf/14.2.0/../../../../sh-elf/lib\libc.a(libc_a-sbrkr.o)
 .bss           0x06028dc4        0x0 F:/Saturn Dev/SaturnRingLib/Compiler/sh2eb-elf/bin/../lib/gcc/sh-elf/14.2.0/../../../../sh-elf/lib\libc.a(libc_a-writer.o)
 .bss           0x06028dc4        0x0 F:/Saturn Dev/SaturnRingLib/Compiler/sh2eb-elf/bin/../lib/gcc/sh-elf/14.2.0/../../../../sh-elf/lib\libc.a(libc_a-freer.o)
 .bss           0x06028dc4        0x0 F:/Saturn Dev/SaturnRingLib/Compiler/sh2eb-elf/bin/../lib/gcc/sh-elf/14.2.0/../../../../sh-elf/lib\libc.a(libc_a-fflush.o)
 .bss           0x06028dc4        0x0 F:/Saturn Dev/SaturnRingLib/Compiler/sh2eb-elf/bin/../lib/gcc/sh-elf/14.2.0/../../../../sh-elf/lib\libnosys.a(close.o)
 .bss           0x06028dc4        0x0 F:/Saturn Dev/SaturnRingLib/Compiler/sh2eb-elf/bin/../lib/gcc/sh-elf/14.2.0/../../../../sh-elf/lib\libnosys.a(getpid.o)
 .bss           0x06028dc4        0x0 F:/Saturn Dev/SaturnRingLib/Compiler/sh2eb-elf/bin/../lib/gcc/sh-elf/14.2.0/../../../../sh-elf/lib\libnosys.a(kill.o)
 .bss           0x06028dc4        0x0 F:/Saturn Dev/SaturnRingLib/Compiler/sh2eb-elf/bin/../lib/gcc/sh-elf/14.2.0/../../../../sh-elf/lib\libnosys.a(lseek.o)
 .bss           0x06028dc4        0x0 F:/Saturn Dev/SaturnRingLib/Compiler/sh2eb-elf/bin/../lib/gcc/sh-elf/14.2.0/../../../../sh-elf/lib\libnosys.a(read.o)
 .bss           0x06028dc4        0x4 F:/Saturn Dev/SaturnRingLib/Compiler/sh2eb-elf/bin/../lib/gcc/sh-elf/14.2.0/../../../../sh-elf/lib\libnosys.a(sbrk.o)
 .bss           0x06028dc8        0x0 F:/Saturn Dev/SaturnRingLib/Compiler/sh2eb-elf/bin/../lib/gcc/sh-elf/14.2.0/../../../../sh-elf/lib\libnosys.a(write.o)
 .bss           0x06028dc8        0x0 F:/Saturn Dev/SaturnRingLib/Compiler/sh2eb-elf/bin/../lib/gcc/sh-elf/14.2.0/../../../../sh-elf/lib\libnosys.a(_exit.o)
                0x06028dc8                        __bend = .
                0x06028dc8                        _end = .

HEAP            0x06028dd0        0x0
                0x06028dd0                        __heap_start = .

WORK_AREA_DUMMY
                0x00000000    0x36960
 *(WORK_AREA_DUMMY)
 WORK_AREA_DUMMY
                0x00000000    0x36958 ../../saturnringlib/../modules/sgl/LIB/../SRC/workarea.o
                0x00000000                WORK_AREA_DUMMY

WORK_AREA       0x060c0000    0x37000
                0x060c0000                        __heap_end = .
 *(WORK_AREA)
 WORK_AREA      0x060c0000    0x36958 ../../saturnringlib/../modules/sgl/LIB/../SRC/workarea.o
                0x060c0000                WorkArea
                0x060f6958                        __work_area_end = .
LOAD ../../saturnringlib/../modules/sgl/LIB/../SRC/workarea.o
LOAD src/main.o
LOAD ../../saturnringlib/../modules/sgl/LIB/LIBCPK.A
LOAD ../../saturnringlib/../modules/sgl/LIB/SEGA_SYS.A
LOAD ../../saturnringlib/../modules/sgl/LIB/LIBCD.A
LOAD ../../saturnringlib/../modules/sgl/LIB/LIBSGL.A